ARM GAS  C:\Users\DIGITA~1\AppData\Local\Temp\ccsurq2J.s 			page 1


   1              		.syntax unified
   2              		.cpu cortex-m3
   3              		.fpu softvfp
   4              		.eabi_attribute 20, 1
   5              		.eabi_attribute 21, 1
   6              		.eabi_attribute 23, 3
   7              		.eabi_attribute 24, 1
   8              		.eabi_attribute 25, 1
   9              		.eabi_attribute 26, 1
  10              		.eabi_attribute 30, 1
  11              		.eabi_attribute 34, 1
  12              		.eabi_attribute 18, 4
  13              		.thumb
  14              		.syntax unified
  15              		.file	"isr_spi_tx_done.c"
  16              		.text
  17              	.Ltext0:
  18              		.cfi_sections	.debug_frame
  19              		.section	.text.isr_spi_tx_done_SetVector,"ax",%progbits
  20              		.align	2
  21              		.global	isr_spi_tx_done_SetVector
  22              		.thumb
  23              		.thumb_func
  24              		.type	isr_spi_tx_done_SetVector, %function
  25              	isr_spi_tx_done_SetVector:
  26              	.LFB4:
  27              		.file 1 "Generated_Source\\PSoC5\\isr_spi_tx_done.c"
   1:Generated_Source\PSoC5/isr_spi_tx_done.c **** /*******************************************************************************
   2:Generated_Source\PSoC5/isr_spi_tx_done.c **** * File Name: isr_spi_tx_done.c  
   3:Generated_Source\PSoC5/isr_spi_tx_done.c **** * Version 1.70
   4:Generated_Source\PSoC5/isr_spi_tx_done.c **** *
   5:Generated_Source\PSoC5/isr_spi_tx_done.c **** *  Description:
   6:Generated_Source\PSoC5/isr_spi_tx_done.c **** *   API for controlling the state of an interrupt.
   7:Generated_Source\PSoC5/isr_spi_tx_done.c **** *
   8:Generated_Source\PSoC5/isr_spi_tx_done.c **** *
   9:Generated_Source\PSoC5/isr_spi_tx_done.c **** *  Note:
  10:Generated_Source\PSoC5/isr_spi_tx_done.c **** *
  11:Generated_Source\PSoC5/isr_spi_tx_done.c **** ********************************************************************************
  12:Generated_Source\PSoC5/isr_spi_tx_done.c **** * Copyright 2008-2015, Cypress Semiconductor Corporation.  All rights reserved.
  13:Generated_Source\PSoC5/isr_spi_tx_done.c **** * You may use this file only in accordance with the license, terms, conditions, 
  14:Generated_Source\PSoC5/isr_spi_tx_done.c **** * disclaimers, and limitations in the end user license agreement accompanying 
  15:Generated_Source\PSoC5/isr_spi_tx_done.c **** * the software package with which this file was provided.
  16:Generated_Source\PSoC5/isr_spi_tx_done.c **** *******************************************************************************/
  17:Generated_Source\PSoC5/isr_spi_tx_done.c **** 
  18:Generated_Source\PSoC5/isr_spi_tx_done.c **** 
  19:Generated_Source\PSoC5/isr_spi_tx_done.c **** #include <cydevice_trm.h>
  20:Generated_Source\PSoC5/isr_spi_tx_done.c **** #include <CyLib.h>
  21:Generated_Source\PSoC5/isr_spi_tx_done.c **** #include <isr_spi_tx_done.h>
  22:Generated_Source\PSoC5/isr_spi_tx_done.c **** #include "cyapicallbacks.h"
  23:Generated_Source\PSoC5/isr_spi_tx_done.c **** #include "SPI.h"
  24:Generated_Source\PSoC5/isr_spi_tx_done.c **** 
  25:Generated_Source\PSoC5/isr_spi_tx_done.c **** #if !defined(isr_spi_tx_done__REMOVED) /* Check for removal by optimization */
  26:Generated_Source\PSoC5/isr_spi_tx_done.c **** 
  27:Generated_Source\PSoC5/isr_spi_tx_done.c **** /*******************************************************************************
  28:Generated_Source\PSoC5/isr_spi_tx_done.c **** *  Place your includes, defines and code here 
  29:Generated_Source\PSoC5/isr_spi_tx_done.c **** ********************************************************************************/
  30:Generated_Source\PSoC5/isr_spi_tx_done.c **** /* `#START isr_spi_tx_done_intc` */
ARM GAS  C:\Users\DIGITA~1\AppData\Local\Temp\ccsurq2J.s 			page 2


  31:Generated_Source\PSoC5/isr_spi_tx_done.c **** 
  32:Generated_Source\PSoC5/isr_spi_tx_done.c **** /* `#END` */
  33:Generated_Source\PSoC5/isr_spi_tx_done.c **** 
  34:Generated_Source\PSoC5/isr_spi_tx_done.c **** #ifndef CYINT_IRQ_BASE
  35:Generated_Source\PSoC5/isr_spi_tx_done.c **** #define CYINT_IRQ_BASE      16
  36:Generated_Source\PSoC5/isr_spi_tx_done.c **** #endif /* CYINT_IRQ_BASE */
  37:Generated_Source\PSoC5/isr_spi_tx_done.c **** #ifndef CYINT_VECT_TABLE
  38:Generated_Source\PSoC5/isr_spi_tx_done.c **** #define CYINT_VECT_TABLE    ((cyisraddress **) CYREG_NVIC_VECT_OFFSET)
  39:Generated_Source\PSoC5/isr_spi_tx_done.c **** #endif /* CYINT_VECT_TABLE */
  40:Generated_Source\PSoC5/isr_spi_tx_done.c **** 
  41:Generated_Source\PSoC5/isr_spi_tx_done.c **** /* Declared in startup, used to set unused interrupts to. */
  42:Generated_Source\PSoC5/isr_spi_tx_done.c **** CY_ISR_PROTO(IntDefaultHandler);
  43:Generated_Source\PSoC5/isr_spi_tx_done.c **** 
  44:Generated_Source\PSoC5/isr_spi_tx_done.c **** 
  45:Generated_Source\PSoC5/isr_spi_tx_done.c **** /*******************************************************************************
  46:Generated_Source\PSoC5/isr_spi_tx_done.c **** * Function Name: isr_spi_tx_done_Start
  47:Generated_Source\PSoC5/isr_spi_tx_done.c **** ********************************************************************************
  48:Generated_Source\PSoC5/isr_spi_tx_done.c **** *
  49:Generated_Source\PSoC5/isr_spi_tx_done.c **** * Summary:
  50:Generated_Source\PSoC5/isr_spi_tx_done.c **** *  Set up the interrupt and enable it. This function disables the interrupt, 
  51:Generated_Source\PSoC5/isr_spi_tx_done.c **** *  sets the default interrupt vector, sets the priority from the value in the
  52:Generated_Source\PSoC5/isr_spi_tx_done.c **** *  Design Wide Resources Interrupt Editor, then enables the interrupt to the 
  53:Generated_Source\PSoC5/isr_spi_tx_done.c **** *  interrupt controller.
  54:Generated_Source\PSoC5/isr_spi_tx_done.c **** *
  55:Generated_Source\PSoC5/isr_spi_tx_done.c **** * Parameters:  
  56:Generated_Source\PSoC5/isr_spi_tx_done.c **** *   None
  57:Generated_Source\PSoC5/isr_spi_tx_done.c **** *
  58:Generated_Source\PSoC5/isr_spi_tx_done.c **** * Return:
  59:Generated_Source\PSoC5/isr_spi_tx_done.c **** *   None
  60:Generated_Source\PSoC5/isr_spi_tx_done.c **** *
  61:Generated_Source\PSoC5/isr_spi_tx_done.c **** *******************************************************************************/
  62:Generated_Source\PSoC5/isr_spi_tx_done.c **** void isr_spi_tx_done_Start(void)
  63:Generated_Source\PSoC5/isr_spi_tx_done.c **** {
  64:Generated_Source\PSoC5/isr_spi_tx_done.c ****     /* For all we know the interrupt is active. */
  65:Generated_Source\PSoC5/isr_spi_tx_done.c ****     isr_spi_tx_done_Disable();
  66:Generated_Source\PSoC5/isr_spi_tx_done.c **** 
  67:Generated_Source\PSoC5/isr_spi_tx_done.c ****     /* Set the ISR to point to the isr_spi_tx_done Interrupt. */
  68:Generated_Source\PSoC5/isr_spi_tx_done.c ****     isr_spi_tx_done_SetVector(&isr_spi_tx_done_Interrupt);
  69:Generated_Source\PSoC5/isr_spi_tx_done.c **** 
  70:Generated_Source\PSoC5/isr_spi_tx_done.c ****     /* Set the priority. */
  71:Generated_Source\PSoC5/isr_spi_tx_done.c ****     isr_spi_tx_done_SetPriority((uint8)isr_spi_tx_done_INTC_PRIOR_NUMBER);
  72:Generated_Source\PSoC5/isr_spi_tx_done.c **** 
  73:Generated_Source\PSoC5/isr_spi_tx_done.c ****     /* Enable it. */
  74:Generated_Source\PSoC5/isr_spi_tx_done.c ****     isr_spi_tx_done_Enable();
  75:Generated_Source\PSoC5/isr_spi_tx_done.c **** }
  76:Generated_Source\PSoC5/isr_spi_tx_done.c **** 
  77:Generated_Source\PSoC5/isr_spi_tx_done.c **** 
  78:Generated_Source\PSoC5/isr_spi_tx_done.c **** /*******************************************************************************
  79:Generated_Source\PSoC5/isr_spi_tx_done.c **** * Function Name: isr_spi_tx_done_StartEx
  80:Generated_Source\PSoC5/isr_spi_tx_done.c **** ********************************************************************************
  81:Generated_Source\PSoC5/isr_spi_tx_done.c **** *
  82:Generated_Source\PSoC5/isr_spi_tx_done.c **** * Summary:
  83:Generated_Source\PSoC5/isr_spi_tx_done.c **** *  Sets up the interrupt and enables it. This function disables the interrupt,
  84:Generated_Source\PSoC5/isr_spi_tx_done.c **** *  sets the interrupt vector based on the address passed in, sets the priority 
  85:Generated_Source\PSoC5/isr_spi_tx_done.c **** *  from the value in the Design Wide Resources Interrupt Editor, then enables 
  86:Generated_Source\PSoC5/isr_spi_tx_done.c **** *  the interrupt to the interrupt controller.
  87:Generated_Source\PSoC5/isr_spi_tx_done.c **** *  
ARM GAS  C:\Users\DIGITA~1\AppData\Local\Temp\ccsurq2J.s 			page 3


  88:Generated_Source\PSoC5/isr_spi_tx_done.c **** *  When defining ISR functions, the CY_ISR and CY_ISR_PROTO macros should be 
  89:Generated_Source\PSoC5/isr_spi_tx_done.c **** *  used to provide consistent definition across compilers:
  90:Generated_Source\PSoC5/isr_spi_tx_done.c **** *  
  91:Generated_Source\PSoC5/isr_spi_tx_done.c **** *  Function definition example:
  92:Generated_Source\PSoC5/isr_spi_tx_done.c **** *   CY_ISR(MyISR)
  93:Generated_Source\PSoC5/isr_spi_tx_done.c **** *   {
  94:Generated_Source\PSoC5/isr_spi_tx_done.c **** *   }
  95:Generated_Source\PSoC5/isr_spi_tx_done.c **** *   Function prototype example:
  96:Generated_Source\PSoC5/isr_spi_tx_done.c **** *   CY_ISR_PROTO(MyISR);
  97:Generated_Source\PSoC5/isr_spi_tx_done.c **** *
  98:Generated_Source\PSoC5/isr_spi_tx_done.c **** * Parameters:  
  99:Generated_Source\PSoC5/isr_spi_tx_done.c **** *   address: Address of the ISR to set in the interrupt vector table.
 100:Generated_Source\PSoC5/isr_spi_tx_done.c **** *
 101:Generated_Source\PSoC5/isr_spi_tx_done.c **** * Return:
 102:Generated_Source\PSoC5/isr_spi_tx_done.c **** *   None
 103:Generated_Source\PSoC5/isr_spi_tx_done.c **** *
 104:Generated_Source\PSoC5/isr_spi_tx_done.c **** *******************************************************************************/
 105:Generated_Source\PSoC5/isr_spi_tx_done.c **** void isr_spi_tx_done_StartEx(cyisraddress address)
 106:Generated_Source\PSoC5/isr_spi_tx_done.c **** {
 107:Generated_Source\PSoC5/isr_spi_tx_done.c ****     /* For all we know the interrupt is active. */
 108:Generated_Source\PSoC5/isr_spi_tx_done.c ****     isr_spi_tx_done_Disable();
 109:Generated_Source\PSoC5/isr_spi_tx_done.c **** 
 110:Generated_Source\PSoC5/isr_spi_tx_done.c ****     /* Set the ISR to point to the isr_spi_tx_done Interrupt. */
 111:Generated_Source\PSoC5/isr_spi_tx_done.c ****     isr_spi_tx_done_SetVector(address);
 112:Generated_Source\PSoC5/isr_spi_tx_done.c **** 
 113:Generated_Source\PSoC5/isr_spi_tx_done.c ****     /* Set the priority. */
 114:Generated_Source\PSoC5/isr_spi_tx_done.c ****     isr_spi_tx_done_SetPriority((uint8)isr_spi_tx_done_INTC_PRIOR_NUMBER);
 115:Generated_Source\PSoC5/isr_spi_tx_done.c **** 
 116:Generated_Source\PSoC5/isr_spi_tx_done.c ****     /* Enable it. */
 117:Generated_Source\PSoC5/isr_spi_tx_done.c ****     isr_spi_tx_done_Enable();
 118:Generated_Source\PSoC5/isr_spi_tx_done.c **** }
 119:Generated_Source\PSoC5/isr_spi_tx_done.c **** 
 120:Generated_Source\PSoC5/isr_spi_tx_done.c **** 
 121:Generated_Source\PSoC5/isr_spi_tx_done.c **** /*******************************************************************************
 122:Generated_Source\PSoC5/isr_spi_tx_done.c **** * Function Name: isr_spi_tx_done_Stop
 123:Generated_Source\PSoC5/isr_spi_tx_done.c **** ********************************************************************************
 124:Generated_Source\PSoC5/isr_spi_tx_done.c **** *
 125:Generated_Source\PSoC5/isr_spi_tx_done.c **** * Summary:
 126:Generated_Source\PSoC5/isr_spi_tx_done.c **** *   Disables and removes the interrupt.
 127:Generated_Source\PSoC5/isr_spi_tx_done.c **** *
 128:Generated_Source\PSoC5/isr_spi_tx_done.c **** * Parameters:  
 129:Generated_Source\PSoC5/isr_spi_tx_done.c **** *   None
 130:Generated_Source\PSoC5/isr_spi_tx_done.c **** *
 131:Generated_Source\PSoC5/isr_spi_tx_done.c **** * Return:
 132:Generated_Source\PSoC5/isr_spi_tx_done.c **** *   None
 133:Generated_Source\PSoC5/isr_spi_tx_done.c **** *
 134:Generated_Source\PSoC5/isr_spi_tx_done.c **** *******************************************************************************/
 135:Generated_Source\PSoC5/isr_spi_tx_done.c **** void isr_spi_tx_done_Stop(void)
 136:Generated_Source\PSoC5/isr_spi_tx_done.c **** {
 137:Generated_Source\PSoC5/isr_spi_tx_done.c ****     /* Disable this interrupt. */
 138:Generated_Source\PSoC5/isr_spi_tx_done.c ****     isr_spi_tx_done_Disable();
 139:Generated_Source\PSoC5/isr_spi_tx_done.c **** 
 140:Generated_Source\PSoC5/isr_spi_tx_done.c ****     /* Set the ISR to point to the passive one. */
 141:Generated_Source\PSoC5/isr_spi_tx_done.c ****     isr_spi_tx_done_SetVector(&IntDefaultHandler);
 142:Generated_Source\PSoC5/isr_spi_tx_done.c **** }
 143:Generated_Source\PSoC5/isr_spi_tx_done.c **** 
 144:Generated_Source\PSoC5/isr_spi_tx_done.c **** 
ARM GAS  C:\Users\DIGITA~1\AppData\Local\Temp\ccsurq2J.s 			page 4


 145:Generated_Source\PSoC5/isr_spi_tx_done.c **** /*******************************************************************************
 146:Generated_Source\PSoC5/isr_spi_tx_done.c **** * Function Name: isr_spi_tx_done_Interrupt
 147:Generated_Source\PSoC5/isr_spi_tx_done.c **** ********************************************************************************
 148:Generated_Source\PSoC5/isr_spi_tx_done.c **** *
 149:Generated_Source\PSoC5/isr_spi_tx_done.c **** * Summary:
 150:Generated_Source\PSoC5/isr_spi_tx_done.c **** *   The default Interrupt Service Routine for isr_spi_tx_done.
 151:Generated_Source\PSoC5/isr_spi_tx_done.c **** *
 152:Generated_Source\PSoC5/isr_spi_tx_done.c **** *   Add custom code between the coments to keep the next version of this file
 153:Generated_Source\PSoC5/isr_spi_tx_done.c **** *   from over writting your code.
 154:Generated_Source\PSoC5/isr_spi_tx_done.c **** *
 155:Generated_Source\PSoC5/isr_spi_tx_done.c **** * Parameters:  
 156:Generated_Source\PSoC5/isr_spi_tx_done.c **** *
 157:Generated_Source\PSoC5/isr_spi_tx_done.c **** * Return:
 158:Generated_Source\PSoC5/isr_spi_tx_done.c **** *   None
 159:Generated_Source\PSoC5/isr_spi_tx_done.c **** *
 160:Generated_Source\PSoC5/isr_spi_tx_done.c **** *******************************************************************************/
 161:Generated_Source\PSoC5/isr_spi_tx_done.c **** CY_ISR(isr_spi_tx_done_Interrupt)
 162:Generated_Source\PSoC5/isr_spi_tx_done.c **** {
 163:Generated_Source\PSoC5/isr_spi_tx_done.c ****     #ifdef isr_spi_tx_done_INTERRUPT_INTERRUPT_CALLBACK
 164:Generated_Source\PSoC5/isr_spi_tx_done.c ****         isr_spi_tx_done_Interrupt_InterruptCallback();
 165:Generated_Source\PSoC5/isr_spi_tx_done.c ****     #endif /* isr_spi_tx_done_INTERRUPT_INTERRUPT_CALLBACK */ 
 166:Generated_Source\PSoC5/isr_spi_tx_done.c **** 
 167:Generated_Source\PSoC5/isr_spi_tx_done.c ****     /*  Place your Interrupt code here. */
 168:Generated_Source\PSoC5/isr_spi_tx_done.c ****     /* `#START isr_spi_tx_done_Interrupt` */
 169:Generated_Source\PSoC5/isr_spi_tx_done.c ****     
 170:Generated_Source\PSoC5/isr_spi_tx_done.c ****     SpiSendNextByte();
 171:Generated_Source\PSoC5/isr_spi_tx_done.c ****     isr_spi_tx_done_ClearPending();
 172:Generated_Source\PSoC5/isr_spi_tx_done.c **** 
 173:Generated_Source\PSoC5/isr_spi_tx_done.c ****     /* `#END` */
 174:Generated_Source\PSoC5/isr_spi_tx_done.c **** }
 175:Generated_Source\PSoC5/isr_spi_tx_done.c **** 
 176:Generated_Source\PSoC5/isr_spi_tx_done.c **** 
 177:Generated_Source\PSoC5/isr_spi_tx_done.c **** /*******************************************************************************
 178:Generated_Source\PSoC5/isr_spi_tx_done.c **** * Function Name: isr_spi_tx_done_SetVector
 179:Generated_Source\PSoC5/isr_spi_tx_done.c **** ********************************************************************************
 180:Generated_Source\PSoC5/isr_spi_tx_done.c **** *
 181:Generated_Source\PSoC5/isr_spi_tx_done.c **** * Summary:
 182:Generated_Source\PSoC5/isr_spi_tx_done.c **** *   Change the ISR vector for the Interrupt. Note calling isr_spi_tx_done_Start
 183:Generated_Source\PSoC5/isr_spi_tx_done.c **** *   will override any effect this method would have had. To set the vector 
 184:Generated_Source\PSoC5/isr_spi_tx_done.c **** *   before the component has been started use isr_spi_tx_done_StartEx instead.
 185:Generated_Source\PSoC5/isr_spi_tx_done.c **** * 
 186:Generated_Source\PSoC5/isr_spi_tx_done.c **** *   When defining ISR functions, the CY_ISR and CY_ISR_PROTO macros should be 
 187:Generated_Source\PSoC5/isr_spi_tx_done.c **** *   used to provide consistent definition across compilers:
 188:Generated_Source\PSoC5/isr_spi_tx_done.c **** *
 189:Generated_Source\PSoC5/isr_spi_tx_done.c **** *   Function definition example:
 190:Generated_Source\PSoC5/isr_spi_tx_done.c **** *   CY_ISR(MyISR)
 191:Generated_Source\PSoC5/isr_spi_tx_done.c **** *   {
 192:Generated_Source\PSoC5/isr_spi_tx_done.c **** *   }
 193:Generated_Source\PSoC5/isr_spi_tx_done.c **** *
 194:Generated_Source\PSoC5/isr_spi_tx_done.c **** *   Function prototype example:
 195:Generated_Source\PSoC5/isr_spi_tx_done.c **** *     CY_ISR_PROTO(MyISR);
 196:Generated_Source\PSoC5/isr_spi_tx_done.c **** *
 197:Generated_Source\PSoC5/isr_spi_tx_done.c **** * Parameters:
 198:Generated_Source\PSoC5/isr_spi_tx_done.c **** *   address: Address of the ISR to set in the interrupt vector table.
 199:Generated_Source\PSoC5/isr_spi_tx_done.c **** *
 200:Generated_Source\PSoC5/isr_spi_tx_done.c **** * Return:
 201:Generated_Source\PSoC5/isr_spi_tx_done.c **** *   None
ARM GAS  C:\Users\DIGITA~1\AppData\Local\Temp\ccsurq2J.s 			page 5


 202:Generated_Source\PSoC5/isr_spi_tx_done.c **** *
 203:Generated_Source\PSoC5/isr_spi_tx_done.c **** *******************************************************************************/
 204:Generated_Source\PSoC5/isr_spi_tx_done.c **** void isr_spi_tx_done_SetVector(cyisraddress address)
 205:Generated_Source\PSoC5/isr_spi_tx_done.c **** {
  28              		.loc 1 205 0
  29              		.cfi_startproc
  30              		@ args = 0, pretend = 0, frame = 0
  31              		@ frame_needed = 0, uses_anonymous_args = 0
  32              		@ link register save eliminated.
  33              	.LVL0:
 206:Generated_Source\PSoC5/isr_spi_tx_done.c ****     cyisraddress * ramVectorTable;
 207:Generated_Source\PSoC5/isr_spi_tx_done.c **** 
 208:Generated_Source\PSoC5/isr_spi_tx_done.c ****     ramVectorTable = (cyisraddress *) *CYINT_VECT_TABLE;
  34              		.loc 1 208 0
  35 0000 014B     		ldr	r3, .L2
  36 0002 1B68     		ldr	r3, [r3]
  37              	.LVL1:
 209:Generated_Source\PSoC5/isr_spi_tx_done.c **** 
 210:Generated_Source\PSoC5/isr_spi_tx_done.c ****     ramVectorTable[CYINT_IRQ_BASE + (uint32)isr_spi_tx_done__INTC_NUMBER] = address;
  38              		.loc 1 210 0
  39 0004 1864     		str	r0, [r3, #64]
  40 0006 7047     		bx	lr
  41              	.L3:
  42              		.align	2
  43              	.L2:
  44 0008 08ED00E0 		.word	-536810232
  45              		.cfi_endproc
  46              	.LFE4:
  47              		.size	isr_spi_tx_done_SetVector, .-isr_spi_tx_done_SetVector
  48              		.section	.text.isr_spi_tx_done_GetVector,"ax",%progbits
  49              		.align	2
  50              		.global	isr_spi_tx_done_GetVector
  51              		.thumb
  52              		.thumb_func
  53              		.type	isr_spi_tx_done_GetVector, %function
  54              	isr_spi_tx_done_GetVector:
  55              	.LFB5:
 211:Generated_Source\PSoC5/isr_spi_tx_done.c **** }
 212:Generated_Source\PSoC5/isr_spi_tx_done.c **** 
 213:Generated_Source\PSoC5/isr_spi_tx_done.c **** 
 214:Generated_Source\PSoC5/isr_spi_tx_done.c **** /*******************************************************************************
 215:Generated_Source\PSoC5/isr_spi_tx_done.c **** * Function Name: isr_spi_tx_done_GetVector
 216:Generated_Source\PSoC5/isr_spi_tx_done.c **** ********************************************************************************
 217:Generated_Source\PSoC5/isr_spi_tx_done.c **** *
 218:Generated_Source\PSoC5/isr_spi_tx_done.c **** * Summary:
 219:Generated_Source\PSoC5/isr_spi_tx_done.c **** *   Gets the "address" of the current ISR vector for the Interrupt.
 220:Generated_Source\PSoC5/isr_spi_tx_done.c **** *
 221:Generated_Source\PSoC5/isr_spi_tx_done.c **** * Parameters:
 222:Generated_Source\PSoC5/isr_spi_tx_done.c **** *   None
 223:Generated_Source\PSoC5/isr_spi_tx_done.c **** *
 224:Generated_Source\PSoC5/isr_spi_tx_done.c **** * Return:
 225:Generated_Source\PSoC5/isr_spi_tx_done.c **** *   Address of the ISR in the interrupt vector table.
 226:Generated_Source\PSoC5/isr_spi_tx_done.c **** *
 227:Generated_Source\PSoC5/isr_spi_tx_done.c **** *******************************************************************************/
 228:Generated_Source\PSoC5/isr_spi_tx_done.c **** cyisraddress isr_spi_tx_done_GetVector(void)
 229:Generated_Source\PSoC5/isr_spi_tx_done.c **** {
  56              		.loc 1 229 0
ARM GAS  C:\Users\DIGITA~1\AppData\Local\Temp\ccsurq2J.s 			page 6


  57              		.cfi_startproc
  58              		@ args = 0, pretend = 0, frame = 0
  59              		@ frame_needed = 0, uses_anonymous_args = 0
  60              		@ link register save eliminated.
 230:Generated_Source\PSoC5/isr_spi_tx_done.c ****     cyisraddress * ramVectorTable;
 231:Generated_Source\PSoC5/isr_spi_tx_done.c **** 
 232:Generated_Source\PSoC5/isr_spi_tx_done.c ****     ramVectorTable = (cyisraddress *) *CYINT_VECT_TABLE;
  61              		.loc 1 232 0
  62 0000 014B     		ldr	r3, .L5
  63 0002 1B68     		ldr	r3, [r3]
  64              	.LVL2:
 233:Generated_Source\PSoC5/isr_spi_tx_done.c **** 
 234:Generated_Source\PSoC5/isr_spi_tx_done.c ****     return ramVectorTable[CYINT_IRQ_BASE + (uint32)isr_spi_tx_done__INTC_NUMBER];
 235:Generated_Source\PSoC5/isr_spi_tx_done.c **** }
  65              		.loc 1 235 0
  66 0004 186C     		ldr	r0, [r3, #64]
  67 0006 7047     		bx	lr
  68              	.L6:
  69              		.align	2
  70              	.L5:
  71 0008 08ED00E0 		.word	-536810232
  72              		.cfi_endproc
  73              	.LFE5:
  74              		.size	isr_spi_tx_done_GetVector, .-isr_spi_tx_done_GetVector
  75              		.section	.text.isr_spi_tx_done_SetPriority,"ax",%progbits
  76              		.align	2
  77              		.global	isr_spi_tx_done_SetPriority
  78              		.thumb
  79              		.thumb_func
  80              		.type	isr_spi_tx_done_SetPriority, %function
  81              	isr_spi_tx_done_SetPriority:
  82              	.LFB6:
 236:Generated_Source\PSoC5/isr_spi_tx_done.c **** 
 237:Generated_Source\PSoC5/isr_spi_tx_done.c **** 
 238:Generated_Source\PSoC5/isr_spi_tx_done.c **** /*******************************************************************************
 239:Generated_Source\PSoC5/isr_spi_tx_done.c **** * Function Name: isr_spi_tx_done_SetPriority
 240:Generated_Source\PSoC5/isr_spi_tx_done.c **** ********************************************************************************
 241:Generated_Source\PSoC5/isr_spi_tx_done.c **** *
 242:Generated_Source\PSoC5/isr_spi_tx_done.c **** * Summary:
 243:Generated_Source\PSoC5/isr_spi_tx_done.c **** *   Sets the Priority of the Interrupt. 
 244:Generated_Source\PSoC5/isr_spi_tx_done.c **** *
 245:Generated_Source\PSoC5/isr_spi_tx_done.c **** *   Note calling isr_spi_tx_done_Start or isr_spi_tx_done_StartEx will 
 246:Generated_Source\PSoC5/isr_spi_tx_done.c **** *   override any effect this API would have had. This API should only be called
 247:Generated_Source\PSoC5/isr_spi_tx_done.c **** *   after isr_spi_tx_done_Start or isr_spi_tx_done_StartEx has been called. 
 248:Generated_Source\PSoC5/isr_spi_tx_done.c **** *   To set the initial priority for the component, use the Design-Wide Resources
 249:Generated_Source\PSoC5/isr_spi_tx_done.c **** *   Interrupt Editor.
 250:Generated_Source\PSoC5/isr_spi_tx_done.c **** *
 251:Generated_Source\PSoC5/isr_spi_tx_done.c **** *   Note This API has no effect on Non-maskable interrupt NMI).
 252:Generated_Source\PSoC5/isr_spi_tx_done.c **** *
 253:Generated_Source\PSoC5/isr_spi_tx_done.c **** * Parameters:
 254:Generated_Source\PSoC5/isr_spi_tx_done.c **** *   priority: Priority of the interrupt, 0 being the highest priority
 255:Generated_Source\PSoC5/isr_spi_tx_done.c **** *             PSoC 3 and PSoC 5LP: Priority is from 0 to 7.
 256:Generated_Source\PSoC5/isr_spi_tx_done.c **** *             PSoC 4: Priority is from 0 to 3.
 257:Generated_Source\PSoC5/isr_spi_tx_done.c **** *
 258:Generated_Source\PSoC5/isr_spi_tx_done.c **** * Return:
 259:Generated_Source\PSoC5/isr_spi_tx_done.c **** *   None
 260:Generated_Source\PSoC5/isr_spi_tx_done.c **** *
ARM GAS  C:\Users\DIGITA~1\AppData\Local\Temp\ccsurq2J.s 			page 7


 261:Generated_Source\PSoC5/isr_spi_tx_done.c **** *******************************************************************************/
 262:Generated_Source\PSoC5/isr_spi_tx_done.c **** void isr_spi_tx_done_SetPriority(uint8 priority)
 263:Generated_Source\PSoC5/isr_spi_tx_done.c **** {
  83              		.loc 1 263 0
  84              		.cfi_startproc
  85              		@ args = 0, pretend = 0, frame = 0
  86              		@ frame_needed = 0, uses_anonymous_args = 0
  87              		@ link register save eliminated.
  88              	.LVL3:
 264:Generated_Source\PSoC5/isr_spi_tx_done.c ****     *isr_spi_tx_done_INTC_PRIOR = priority << 5;
  89              		.loc 1 264 0
  90 0000 4001     		lsls	r0, r0, #5
  91              	.LVL4:
  92 0002 C0B2     		uxtb	r0, r0
  93 0004 014B     		ldr	r3, .L8
  94 0006 1870     		strb	r0, [r3]
  95 0008 7047     		bx	lr
  96              	.L9:
  97 000a 00BF     		.align	2
  98              	.L8:
  99 000c 00E400E0 		.word	-536812544
 100              		.cfi_endproc
 101              	.LFE6:
 102              		.size	isr_spi_tx_done_SetPriority, .-isr_spi_tx_done_SetPriority
 103              		.section	.text.isr_spi_tx_done_GetPriority,"ax",%progbits
 104              		.align	2
 105              		.global	isr_spi_tx_done_GetPriority
 106              		.thumb
 107              		.thumb_func
 108              		.type	isr_spi_tx_done_GetPriority, %function
 109              	isr_spi_tx_done_GetPriority:
 110              	.LFB7:
 265:Generated_Source\PSoC5/isr_spi_tx_done.c **** }
 266:Generated_Source\PSoC5/isr_spi_tx_done.c **** 
 267:Generated_Source\PSoC5/isr_spi_tx_done.c **** 
 268:Generated_Source\PSoC5/isr_spi_tx_done.c **** /*******************************************************************************
 269:Generated_Source\PSoC5/isr_spi_tx_done.c **** * Function Name: isr_spi_tx_done_GetPriority
 270:Generated_Source\PSoC5/isr_spi_tx_done.c **** ********************************************************************************
 271:Generated_Source\PSoC5/isr_spi_tx_done.c **** *
 272:Generated_Source\PSoC5/isr_spi_tx_done.c **** * Summary:
 273:Generated_Source\PSoC5/isr_spi_tx_done.c **** *   Gets the Priority of the Interrupt.
 274:Generated_Source\PSoC5/isr_spi_tx_done.c **** *
 275:Generated_Source\PSoC5/isr_spi_tx_done.c **** * Parameters:
 276:Generated_Source\PSoC5/isr_spi_tx_done.c **** *   None
 277:Generated_Source\PSoC5/isr_spi_tx_done.c **** *
 278:Generated_Source\PSoC5/isr_spi_tx_done.c **** * Return:
 279:Generated_Source\PSoC5/isr_spi_tx_done.c **** *   Priority of the interrupt, 0 being the highest priority
 280:Generated_Source\PSoC5/isr_spi_tx_done.c **** *    PSoC 3 and PSoC 5LP: Priority is from 0 to 7.
 281:Generated_Source\PSoC5/isr_spi_tx_done.c **** *    PSoC 4: Priority is from 0 to 3.
 282:Generated_Source\PSoC5/isr_spi_tx_done.c **** *
 283:Generated_Source\PSoC5/isr_spi_tx_done.c **** *******************************************************************************/
 284:Generated_Source\PSoC5/isr_spi_tx_done.c **** uint8 isr_spi_tx_done_GetPriority(void)
 285:Generated_Source\PSoC5/isr_spi_tx_done.c **** {
 111              		.loc 1 285 0
 112              		.cfi_startproc
 113              		@ args = 0, pretend = 0, frame = 0
 114              		@ frame_needed = 0, uses_anonymous_args = 0
ARM GAS  C:\Users\DIGITA~1\AppData\Local\Temp\ccsurq2J.s 			page 8


 115              		@ link register save eliminated.
 286:Generated_Source\PSoC5/isr_spi_tx_done.c ****     uint8 priority;
 287:Generated_Source\PSoC5/isr_spi_tx_done.c **** 
 288:Generated_Source\PSoC5/isr_spi_tx_done.c **** 
 289:Generated_Source\PSoC5/isr_spi_tx_done.c ****     priority = *isr_spi_tx_done_INTC_PRIOR >> 5;
 116              		.loc 1 289 0
 117 0000 014B     		ldr	r3, .L11
 118 0002 1878     		ldrb	r0, [r3]	@ zero_extendqisi2
 119              	.LVL5:
 290:Generated_Source\PSoC5/isr_spi_tx_done.c **** 
 291:Generated_Source\PSoC5/isr_spi_tx_done.c ****     return priority;
 292:Generated_Source\PSoC5/isr_spi_tx_done.c **** }
 120              		.loc 1 292 0
 121 0004 4009     		lsrs	r0, r0, #5
 122              	.LVL6:
 123 0006 7047     		bx	lr
 124              	.L12:
 125              		.align	2
 126              	.L11:
 127 0008 00E400E0 		.word	-536812544
 128              		.cfi_endproc
 129              	.LFE7:
 130              		.size	isr_spi_tx_done_GetPriority, .-isr_spi_tx_done_GetPriority
 131              		.section	.text.isr_spi_tx_done_Enable,"ax",%progbits
 132              		.align	2
 133              		.global	isr_spi_tx_done_Enable
 134              		.thumb
 135              		.thumb_func
 136              		.type	isr_spi_tx_done_Enable, %function
 137              	isr_spi_tx_done_Enable:
 138              	.LFB8:
 293:Generated_Source\PSoC5/isr_spi_tx_done.c **** 
 294:Generated_Source\PSoC5/isr_spi_tx_done.c **** 
 295:Generated_Source\PSoC5/isr_spi_tx_done.c **** /*******************************************************************************
 296:Generated_Source\PSoC5/isr_spi_tx_done.c **** * Function Name: isr_spi_tx_done_Enable
 297:Generated_Source\PSoC5/isr_spi_tx_done.c **** ********************************************************************************
 298:Generated_Source\PSoC5/isr_spi_tx_done.c **** *
 299:Generated_Source\PSoC5/isr_spi_tx_done.c **** * Summary:
 300:Generated_Source\PSoC5/isr_spi_tx_done.c **** *   Enables the interrupt to the interrupt controller. Do not call this function
 301:Generated_Source\PSoC5/isr_spi_tx_done.c **** *   unless ISR_Start() has been called or the functionality of the ISR_Start() 
 302:Generated_Source\PSoC5/isr_spi_tx_done.c **** *   function, which sets the vector and the priority, has been called.
 303:Generated_Source\PSoC5/isr_spi_tx_done.c **** *
 304:Generated_Source\PSoC5/isr_spi_tx_done.c **** * Parameters:
 305:Generated_Source\PSoC5/isr_spi_tx_done.c **** *   None
 306:Generated_Source\PSoC5/isr_spi_tx_done.c **** *
 307:Generated_Source\PSoC5/isr_spi_tx_done.c **** * Return:
 308:Generated_Source\PSoC5/isr_spi_tx_done.c **** *   None
 309:Generated_Source\PSoC5/isr_spi_tx_done.c **** *
 310:Generated_Source\PSoC5/isr_spi_tx_done.c **** *******************************************************************************/
 311:Generated_Source\PSoC5/isr_spi_tx_done.c **** void isr_spi_tx_done_Enable(void)
 312:Generated_Source\PSoC5/isr_spi_tx_done.c **** {
 139              		.loc 1 312 0
 140              		.cfi_startproc
 141              		@ args = 0, pretend = 0, frame = 0
 142              		@ frame_needed = 0, uses_anonymous_args = 0
 143              		@ link register save eliminated.
 313:Generated_Source\PSoC5/isr_spi_tx_done.c ****     /* Enable the general interrupt. */
ARM GAS  C:\Users\DIGITA~1\AppData\Local\Temp\ccsurq2J.s 			page 9


 314:Generated_Source\PSoC5/isr_spi_tx_done.c ****     *isr_spi_tx_done_INTC_SET_EN = isr_spi_tx_done__INTC_MASK;
 144              		.loc 1 314 0
 145 0000 0122     		movs	r2, #1
 146 0002 014B     		ldr	r3, .L14
 147 0004 1A60     		str	r2, [r3]
 148 0006 7047     		bx	lr
 149              	.L15:
 150              		.align	2
 151              	.L14:
 152 0008 00E100E0 		.word	-536813312
 153              		.cfi_endproc
 154              	.LFE8:
 155              		.size	isr_spi_tx_done_Enable, .-isr_spi_tx_done_Enable
 156              		.section	.text.isr_spi_tx_done_GetState,"ax",%progbits
 157              		.align	2
 158              		.global	isr_spi_tx_done_GetState
 159              		.thumb
 160              		.thumb_func
 161              		.type	isr_spi_tx_done_GetState, %function
 162              	isr_spi_tx_done_GetState:
 163              	.LFB9:
 315:Generated_Source\PSoC5/isr_spi_tx_done.c **** }
 316:Generated_Source\PSoC5/isr_spi_tx_done.c **** 
 317:Generated_Source\PSoC5/isr_spi_tx_done.c **** 
 318:Generated_Source\PSoC5/isr_spi_tx_done.c **** /*******************************************************************************
 319:Generated_Source\PSoC5/isr_spi_tx_done.c **** * Function Name: isr_spi_tx_done_GetState
 320:Generated_Source\PSoC5/isr_spi_tx_done.c **** ********************************************************************************
 321:Generated_Source\PSoC5/isr_spi_tx_done.c **** *
 322:Generated_Source\PSoC5/isr_spi_tx_done.c **** * Summary:
 323:Generated_Source\PSoC5/isr_spi_tx_done.c **** *   Gets the state (enabled, disabled) of the Interrupt.
 324:Generated_Source\PSoC5/isr_spi_tx_done.c **** *
 325:Generated_Source\PSoC5/isr_spi_tx_done.c **** * Parameters:
 326:Generated_Source\PSoC5/isr_spi_tx_done.c **** *   None
 327:Generated_Source\PSoC5/isr_spi_tx_done.c **** *
 328:Generated_Source\PSoC5/isr_spi_tx_done.c **** * Return:
 329:Generated_Source\PSoC5/isr_spi_tx_done.c **** *   1 if enabled, 0 if disabled.
 330:Generated_Source\PSoC5/isr_spi_tx_done.c **** *
 331:Generated_Source\PSoC5/isr_spi_tx_done.c **** *******************************************************************************/
 332:Generated_Source\PSoC5/isr_spi_tx_done.c **** uint8 isr_spi_tx_done_GetState(void)
 333:Generated_Source\PSoC5/isr_spi_tx_done.c **** {
 164              		.loc 1 333 0
 165              		.cfi_startproc
 166              		@ args = 0, pretend = 0, frame = 0
 167              		@ frame_needed = 0, uses_anonymous_args = 0
 168              		@ link register save eliminated.
 334:Generated_Source\PSoC5/isr_spi_tx_done.c ****     /* Get the state of the general interrupt. */
 335:Generated_Source\PSoC5/isr_spi_tx_done.c ****     return ((*isr_spi_tx_done_INTC_SET_EN & (uint32)isr_spi_tx_done__INTC_MASK) != 0u) ? 1u:0u;
 169              		.loc 1 335 0
 170 0000 024B     		ldr	r3, .L17
 171 0002 1868     		ldr	r0, [r3]
 336:Generated_Source\PSoC5/isr_spi_tx_done.c **** }
 172              		.loc 1 336 0
 173 0004 00F00100 		and	r0, r0, #1
 174 0008 7047     		bx	lr
 175              	.L18:
 176 000a 00BF     		.align	2
 177              	.L17:
ARM GAS  C:\Users\DIGITA~1\AppData\Local\Temp\ccsurq2J.s 			page 10


 178 000c 00E100E0 		.word	-536813312
 179              		.cfi_endproc
 180              	.LFE9:
 181              		.size	isr_spi_tx_done_GetState, .-isr_spi_tx_done_GetState
 182              		.section	.text.isr_spi_tx_done_Disable,"ax",%progbits
 183              		.align	2
 184              		.global	isr_spi_tx_done_Disable
 185              		.thumb
 186              		.thumb_func
 187              		.type	isr_spi_tx_done_Disable, %function
 188              	isr_spi_tx_done_Disable:
 189              	.LFB10:
 337:Generated_Source\PSoC5/isr_spi_tx_done.c **** 
 338:Generated_Source\PSoC5/isr_spi_tx_done.c **** 
 339:Generated_Source\PSoC5/isr_spi_tx_done.c **** /*******************************************************************************
 340:Generated_Source\PSoC5/isr_spi_tx_done.c **** * Function Name: isr_spi_tx_done_Disable
 341:Generated_Source\PSoC5/isr_spi_tx_done.c **** ********************************************************************************
 342:Generated_Source\PSoC5/isr_spi_tx_done.c **** *
 343:Generated_Source\PSoC5/isr_spi_tx_done.c **** * Summary:
 344:Generated_Source\PSoC5/isr_spi_tx_done.c **** *   Disables the Interrupt in the interrupt controller.
 345:Generated_Source\PSoC5/isr_spi_tx_done.c **** *
 346:Generated_Source\PSoC5/isr_spi_tx_done.c **** * Parameters:
 347:Generated_Source\PSoC5/isr_spi_tx_done.c **** *   None
 348:Generated_Source\PSoC5/isr_spi_tx_done.c **** *
 349:Generated_Source\PSoC5/isr_spi_tx_done.c **** * Return:
 350:Generated_Source\PSoC5/isr_spi_tx_done.c **** *   None
 351:Generated_Source\PSoC5/isr_spi_tx_done.c **** *
 352:Generated_Source\PSoC5/isr_spi_tx_done.c **** *******************************************************************************/
 353:Generated_Source\PSoC5/isr_spi_tx_done.c **** void isr_spi_tx_done_Disable(void)
 354:Generated_Source\PSoC5/isr_spi_tx_done.c **** {
 190              		.loc 1 354 0
 191              		.cfi_startproc
 192              		@ args = 0, pretend = 0, frame = 0
 193              		@ frame_needed = 0, uses_anonymous_args = 0
 194              		@ link register save eliminated.
 355:Generated_Source\PSoC5/isr_spi_tx_done.c ****     /* Disable the general interrupt. */
 356:Generated_Source\PSoC5/isr_spi_tx_done.c ****     *isr_spi_tx_done_INTC_CLR_EN = isr_spi_tx_done__INTC_MASK;
 195              		.loc 1 356 0
 196 0000 0122     		movs	r2, #1
 197 0002 014B     		ldr	r3, .L20
 198 0004 1A60     		str	r2, [r3]
 199 0006 7047     		bx	lr
 200              	.L21:
 201              		.align	2
 202              	.L20:
 203 0008 80E100E0 		.word	-536813184
 204              		.cfi_endproc
 205              	.LFE10:
 206              		.size	isr_spi_tx_done_Disable, .-isr_spi_tx_done_Disable
 207              		.section	.text.isr_spi_tx_done_Start,"ax",%progbits
 208              		.align	2
 209              		.global	isr_spi_tx_done_Start
 210              		.thumb
 211              		.thumb_func
 212              		.type	isr_spi_tx_done_Start, %function
 213              	isr_spi_tx_done_Start:
 214              	.LFB0:
ARM GAS  C:\Users\DIGITA~1\AppData\Local\Temp\ccsurq2J.s 			page 11


  63:Generated_Source\PSoC5/isr_spi_tx_done.c ****     /* For all we know the interrupt is active. */
 215              		.loc 1 63 0
 216              		.cfi_startproc
 217              		@ args = 0, pretend = 0, frame = 0
 218              		@ frame_needed = 0, uses_anonymous_args = 0
 219 0000 08B5     		push	{r3, lr}
 220              		.cfi_def_cfa_offset 8
 221              		.cfi_offset 3, -8
 222              		.cfi_offset 14, -4
  65:Generated_Source\PSoC5/isr_spi_tx_done.c **** 
 223              		.loc 1 65 0
 224 0002 FFF7FEFF 		bl	isr_spi_tx_done_Disable
 225              	.LVL7:
  68:Generated_Source\PSoC5/isr_spi_tx_done.c **** 
 226              		.loc 1 68 0
 227 0006 0448     		ldr	r0, .L24
 228 0008 FFF7FEFF 		bl	isr_spi_tx_done_SetVector
 229              	.LVL8:
  71:Generated_Source\PSoC5/isr_spi_tx_done.c **** 
 230              		.loc 1 71 0
 231 000c 0720     		movs	r0, #7
 232 000e FFF7FEFF 		bl	isr_spi_tx_done_SetPriority
 233              	.LVL9:
  74:Generated_Source\PSoC5/isr_spi_tx_done.c **** }
 234              		.loc 1 74 0
 235 0012 FFF7FEFF 		bl	isr_spi_tx_done_Enable
 236              	.LVL10:
 237 0016 08BD     		pop	{r3, pc}
 238              	.L25:
 239              		.align	2
 240              	.L24:
 241 0018 00000000 		.word	isr_spi_tx_done_Interrupt
 242              		.cfi_endproc
 243              	.LFE0:
 244              		.size	isr_spi_tx_done_Start, .-isr_spi_tx_done_Start
 245              		.section	.text.isr_spi_tx_done_StartEx,"ax",%progbits
 246              		.align	2
 247              		.global	isr_spi_tx_done_StartEx
 248              		.thumb
 249              		.thumb_func
 250              		.type	isr_spi_tx_done_StartEx, %function
 251              	isr_spi_tx_done_StartEx:
 252              	.LFB1:
 106:Generated_Source\PSoC5/isr_spi_tx_done.c ****     /* For all we know the interrupt is active. */
 253              		.loc 1 106 0
 254              		.cfi_startproc
 255              		@ args = 0, pretend = 0, frame = 0
 256              		@ frame_needed = 0, uses_anonymous_args = 0
 257              	.LVL11:
 258 0000 10B5     		push	{r4, lr}
 259              		.cfi_def_cfa_offset 8
 260              		.cfi_offset 4, -8
 261              		.cfi_offset 14, -4
 262 0002 0446     		mov	r4, r0
 108:Generated_Source\PSoC5/isr_spi_tx_done.c **** 
 263              		.loc 1 108 0
 264 0004 FFF7FEFF 		bl	isr_spi_tx_done_Disable
ARM GAS  C:\Users\DIGITA~1\AppData\Local\Temp\ccsurq2J.s 			page 12


 265              	.LVL12:
 111:Generated_Source\PSoC5/isr_spi_tx_done.c **** 
 266              		.loc 1 111 0
 267 0008 2046     		mov	r0, r4
 268 000a FFF7FEFF 		bl	isr_spi_tx_done_SetVector
 269              	.LVL13:
 114:Generated_Source\PSoC5/isr_spi_tx_done.c **** 
 270              		.loc 1 114 0
 271 000e 0720     		movs	r0, #7
 272 0010 FFF7FEFF 		bl	isr_spi_tx_done_SetPriority
 273              	.LVL14:
 117:Generated_Source\PSoC5/isr_spi_tx_done.c **** }
 274              		.loc 1 117 0
 275 0014 FFF7FEFF 		bl	isr_spi_tx_done_Enable
 276              	.LVL15:
 277 0018 10BD     		pop	{r4, pc}
 278              		.cfi_endproc
 279              	.LFE1:
 280              		.size	isr_spi_tx_done_StartEx, .-isr_spi_tx_done_StartEx
 281 001a 00BF     		.section	.text.isr_spi_tx_done_Stop,"ax",%progbits
 282              		.align	2
 283              		.global	isr_spi_tx_done_Stop
 284              		.thumb
 285              		.thumb_func
 286              		.type	isr_spi_tx_done_Stop, %function
 287              	isr_spi_tx_done_Stop:
 288              	.LFB2:
 136:Generated_Source\PSoC5/isr_spi_tx_done.c ****     /* Disable this interrupt. */
 289              		.loc 1 136 0
 290              		.cfi_startproc
 291              		@ args = 0, pretend = 0, frame = 0
 292              		@ frame_needed = 0, uses_anonymous_args = 0
 293 0000 08B5     		push	{r3, lr}
 294              		.cfi_def_cfa_offset 8
 295              		.cfi_offset 3, -8
 296              		.cfi_offset 14, -4
 138:Generated_Source\PSoC5/isr_spi_tx_done.c **** 
 297              		.loc 1 138 0
 298 0002 FFF7FEFF 		bl	isr_spi_tx_done_Disable
 299              	.LVL16:
 141:Generated_Source\PSoC5/isr_spi_tx_done.c **** }
 300              		.loc 1 141 0
 301 0006 0248     		ldr	r0, .L30
 302 0008 FFF7FEFF 		bl	isr_spi_tx_done_SetVector
 303              	.LVL17:
 304 000c 08BD     		pop	{r3, pc}
 305              	.L31:
 306 000e 00BF     		.align	2
 307              	.L30:
 308 0010 00000000 		.word	IntDefaultHandler
 309              		.cfi_endproc
 310              	.LFE2:
 311              		.size	isr_spi_tx_done_Stop, .-isr_spi_tx_done_Stop
 312              		.section	.text.isr_spi_tx_done_SetPending,"ax",%progbits
 313              		.align	2
 314              		.global	isr_spi_tx_done_SetPending
 315              		.thumb
ARM GAS  C:\Users\DIGITA~1\AppData\Local\Temp\ccsurq2J.s 			page 13


 316              		.thumb_func
 317              		.type	isr_spi_tx_done_SetPending, %function
 318              	isr_spi_tx_done_SetPending:
 319              	.LFB11:
 357:Generated_Source\PSoC5/isr_spi_tx_done.c **** }
 358:Generated_Source\PSoC5/isr_spi_tx_done.c **** 
 359:Generated_Source\PSoC5/isr_spi_tx_done.c **** 
 360:Generated_Source\PSoC5/isr_spi_tx_done.c **** /*******************************************************************************
 361:Generated_Source\PSoC5/isr_spi_tx_done.c **** * Function Name: isr_spi_tx_done_SetPending
 362:Generated_Source\PSoC5/isr_spi_tx_done.c **** ********************************************************************************
 363:Generated_Source\PSoC5/isr_spi_tx_done.c **** *
 364:Generated_Source\PSoC5/isr_spi_tx_done.c **** * Summary:
 365:Generated_Source\PSoC5/isr_spi_tx_done.c **** *   Causes the Interrupt to enter the pending state, a software method of
 366:Generated_Source\PSoC5/isr_spi_tx_done.c **** *   generating the interrupt.
 367:Generated_Source\PSoC5/isr_spi_tx_done.c **** *
 368:Generated_Source\PSoC5/isr_spi_tx_done.c **** * Parameters:
 369:Generated_Source\PSoC5/isr_spi_tx_done.c **** *   None
 370:Generated_Source\PSoC5/isr_spi_tx_done.c **** *
 371:Generated_Source\PSoC5/isr_spi_tx_done.c **** * Return:
 372:Generated_Source\PSoC5/isr_spi_tx_done.c **** *   None
 373:Generated_Source\PSoC5/isr_spi_tx_done.c **** *
 374:Generated_Source\PSoC5/isr_spi_tx_done.c **** * Side Effects:
 375:Generated_Source\PSoC5/isr_spi_tx_done.c **** *   If interrupts are enabled and the interrupt is set up properly, the ISR is
 376:Generated_Source\PSoC5/isr_spi_tx_done.c **** *   entered (depending on the priority of this interrupt and other pending 
 377:Generated_Source\PSoC5/isr_spi_tx_done.c **** *   interrupts).
 378:Generated_Source\PSoC5/isr_spi_tx_done.c **** *
 379:Generated_Source\PSoC5/isr_spi_tx_done.c **** *******************************************************************************/
 380:Generated_Source\PSoC5/isr_spi_tx_done.c **** void isr_spi_tx_done_SetPending(void)
 381:Generated_Source\PSoC5/isr_spi_tx_done.c **** {
 320              		.loc 1 381 0
 321              		.cfi_startproc
 322              		@ args = 0, pretend = 0, frame = 0
 323              		@ frame_needed = 0, uses_anonymous_args = 0
 324              		@ link register save eliminated.
 382:Generated_Source\PSoC5/isr_spi_tx_done.c ****     *isr_spi_tx_done_INTC_SET_PD = isr_spi_tx_done__INTC_MASK;
 325              		.loc 1 382 0
 326 0000 0122     		movs	r2, #1
 327 0002 014B     		ldr	r3, .L33
 328 0004 1A60     		str	r2, [r3]
 329 0006 7047     		bx	lr
 330              	.L34:
 331              		.align	2
 332              	.L33:
 333 0008 00E200E0 		.word	-536813056
 334              		.cfi_endproc
 335              	.LFE11:
 336              		.size	isr_spi_tx_done_SetPending, .-isr_spi_tx_done_SetPending
 337              		.section	.text.isr_spi_tx_done_ClearPending,"ax",%progbits
 338              		.align	2
 339              		.global	isr_spi_tx_done_ClearPending
 340              		.thumb
 341              		.thumb_func
 342              		.type	isr_spi_tx_done_ClearPending, %function
 343              	isr_spi_tx_done_ClearPending:
 344              	.LFB12:
 383:Generated_Source\PSoC5/isr_spi_tx_done.c **** }
 384:Generated_Source\PSoC5/isr_spi_tx_done.c **** 
ARM GAS  C:\Users\DIGITA~1\AppData\Local\Temp\ccsurq2J.s 			page 14


 385:Generated_Source\PSoC5/isr_spi_tx_done.c **** 
 386:Generated_Source\PSoC5/isr_spi_tx_done.c **** /*******************************************************************************
 387:Generated_Source\PSoC5/isr_spi_tx_done.c **** * Function Name: isr_spi_tx_done_ClearPending
 388:Generated_Source\PSoC5/isr_spi_tx_done.c **** ********************************************************************************
 389:Generated_Source\PSoC5/isr_spi_tx_done.c **** *
 390:Generated_Source\PSoC5/isr_spi_tx_done.c **** * Summary:
 391:Generated_Source\PSoC5/isr_spi_tx_done.c **** *   Clears a pending interrupt in the interrupt controller.
 392:Generated_Source\PSoC5/isr_spi_tx_done.c **** *
 393:Generated_Source\PSoC5/isr_spi_tx_done.c **** *   Note Some interrupt sources are clear-on-read and require the block 
 394:Generated_Source\PSoC5/isr_spi_tx_done.c **** *   interrupt/status register to be read/cleared with the appropriate block API 
 395:Generated_Source\PSoC5/isr_spi_tx_done.c **** *   (GPIO, UART, and so on). Otherwise the ISR will continue to remain in 
 396:Generated_Source\PSoC5/isr_spi_tx_done.c **** *   pending state even though the interrupt itself is cleared using this API.
 397:Generated_Source\PSoC5/isr_spi_tx_done.c **** *
 398:Generated_Source\PSoC5/isr_spi_tx_done.c **** * Parameters:
 399:Generated_Source\PSoC5/isr_spi_tx_done.c **** *   None
 400:Generated_Source\PSoC5/isr_spi_tx_done.c **** *
 401:Generated_Source\PSoC5/isr_spi_tx_done.c **** * Return:
 402:Generated_Source\PSoC5/isr_spi_tx_done.c **** *   None
 403:Generated_Source\PSoC5/isr_spi_tx_done.c **** *
 404:Generated_Source\PSoC5/isr_spi_tx_done.c **** *******************************************************************************/
 405:Generated_Source\PSoC5/isr_spi_tx_done.c **** void isr_spi_tx_done_ClearPending(void)
 406:Generated_Source\PSoC5/isr_spi_tx_done.c **** {
 345              		.loc 1 406 0
 346              		.cfi_startproc
 347              		@ args = 0, pretend = 0, frame = 0
 348              		@ frame_needed = 0, uses_anonymous_args = 0
 349              		@ link register save eliminated.
 407:Generated_Source\PSoC5/isr_spi_tx_done.c ****     *isr_spi_tx_done_INTC_CLR_PD = isr_spi_tx_done__INTC_MASK;
 350              		.loc 1 407 0
 351 0000 0122     		movs	r2, #1
 352 0002 014B     		ldr	r3, .L36
 353 0004 1A60     		str	r2, [r3]
 354 0006 7047     		bx	lr
 355              	.L37:
 356              		.align	2
 357              	.L36:
 358 0008 80E200E0 		.word	-536812928
 359              		.cfi_endproc
 360              	.LFE12:
 361              		.size	isr_spi_tx_done_ClearPending, .-isr_spi_tx_done_ClearPending
 362              		.section	.text.isr_spi_tx_done_Interrupt,"ax",%progbits
 363              		.align	2
 364              		.global	isr_spi_tx_done_Interrupt
 365              		.thumb
 366              		.thumb_func
 367              		.type	isr_spi_tx_done_Interrupt, %function
 368              	isr_spi_tx_done_Interrupt:
 369              	.LFB3:
 162:Generated_Source\PSoC5/isr_spi_tx_done.c ****     #ifdef isr_spi_tx_done_INTERRUPT_INTERRUPT_CALLBACK
 370              		.loc 1 162 0
 371              		.cfi_startproc
 372              		@ args = 0, pretend = 0, frame = 0
 373              		@ frame_needed = 0, uses_anonymous_args = 0
 374 0000 08B5     		push	{r3, lr}
 375              		.cfi_def_cfa_offset 8
 376              		.cfi_offset 3, -8
 377              		.cfi_offset 14, -4
ARM GAS  C:\Users\DIGITA~1\AppData\Local\Temp\ccsurq2J.s 			page 15


 170:Generated_Source\PSoC5/isr_spi_tx_done.c ****     isr_spi_tx_done_ClearPending();
 378              		.loc 1 170 0
 379 0002 FFF7FEFF 		bl	SpiSendNextByte
 380              	.LVL18:
 171:Generated_Source\PSoC5/isr_spi_tx_done.c **** 
 381              		.loc 1 171 0
 382 0006 FFF7FEFF 		bl	isr_spi_tx_done_ClearPending
 383              	.LVL19:
 384 000a 08BD     		pop	{r3, pc}
 385              		.cfi_endproc
 386              	.LFE3:
 387              		.size	isr_spi_tx_done_Interrupt, .-isr_spi_tx_done_Interrupt
 388              		.text
 389              	.Letext0:
 390              		.file 2 "Generated_Source\\PSoC5/cytypes.h"
 391              		.file 3 "./SPI.h"
 392              		.section	.debug_info,"",%progbits
 393              	.Ldebug_info0:
 394 0000 F0020000 		.4byte	0x2f0
 395 0004 0400     		.2byte	0x4
 396 0006 00000000 		.4byte	.Ldebug_abbrev0
 397 000a 04       		.byte	0x4
 398 000b 01       		.uleb128 0x1
 399 000c D1000000 		.4byte	.LASF34
 400 0010 0C       		.byte	0xc
 401 0011 94000000 		.4byte	.LASF35
 402 0015 8E020000 		.4byte	.LASF36
 403 0019 00000000 		.4byte	.Ldebug_ranges0+0
 404 001d 00000000 		.4byte	0
 405 0021 00000000 		.4byte	.Ldebug_line0
 406 0025 02       		.uleb128 0x2
 407 0026 04       		.byte	0x4
 408 0027 05       		.byte	0x5
 409 0028 696E7400 		.ascii	"int\000"
 410 002c 03       		.uleb128 0x3
 411 002d 04       		.byte	0x4
 412 002e 07       		.byte	0x7
 413 002f 23020000 		.4byte	.LASF0
 414 0033 03       		.uleb128 0x3
 415 0034 08       		.byte	0x8
 416 0035 05       		.byte	0x5
 417 0036 EA020000 		.4byte	.LASF1
 418 003a 03       		.uleb128 0x3
 419 003b 08       		.byte	0x8
 420 003c 04       		.byte	0x4
 421 003d 3B030000 		.4byte	.LASF2
 422 0041 03       		.uleb128 0x3
 423 0042 01       		.byte	0x1
 424 0043 06       		.byte	0x6
 425 0044 47030000 		.4byte	.LASF3
 426 0048 03       		.uleb128 0x3
 427 0049 01       		.byte	0x1
 428 004a 08       		.byte	0x8
 429 004b C3000000 		.4byte	.LASF4
 430 004f 03       		.uleb128 0x3
 431 0050 02       		.byte	0x2
 432 0051 05       		.byte	0x5
ARM GAS  C:\Users\DIGITA~1\AppData\Local\Temp\ccsurq2J.s 			page 16


 433 0052 28030000 		.4byte	.LASF5
 434 0056 03       		.uleb128 0x3
 435 0057 02       		.byte	0x2
 436 0058 07       		.byte	0x7
 437 0059 6B000000 		.4byte	.LASF6
 438 005d 03       		.uleb128 0x3
 439 005e 04       		.byte	0x4
 440 005f 05       		.byte	0x5
 441 0060 32030000 		.4byte	.LASF7
 442 0064 03       		.uleb128 0x3
 443 0065 04       		.byte	0x4
 444 0066 07       		.byte	0x7
 445 0067 64010000 		.4byte	.LASF8
 446 006b 03       		.uleb128 0x3
 447 006c 08       		.byte	0x8
 448 006d 07       		.byte	0x7
 449 006e 38020000 		.4byte	.LASF9
 450 0072 03       		.uleb128 0x3
 451 0073 04       		.byte	0x4
 452 0074 07       		.byte	0x7
 453 0075 E1020000 		.4byte	.LASF10
 454 0079 03       		.uleb128 0x3
 455 007a 01       		.byte	0x1
 456 007b 08       		.byte	0x8
 457 007c 14030000 		.4byte	.LASF11
 458 0080 04       		.uleb128 0x4
 459 0081 04       		.byte	0x4
 460 0082 86000000 		.4byte	0x86
 461 0086 05       		.uleb128 0x5
 462 0087 06       		.uleb128 0x6
 463 0088 76010000 		.4byte	.LASF12
 464 008c 02       		.byte	0x2
 465 008d E801     		.2byte	0x1e8
 466 008f 48000000 		.4byte	0x48
 467 0093 06       		.uleb128 0x6
 468 0094 04020000 		.4byte	.LASF13
 469 0098 02       		.byte	0x2
 470 0099 EA01     		.2byte	0x1ea
 471 009b 64000000 		.4byte	0x64
 472 009f 03       		.uleb128 0x3
 473 00a0 04       		.byte	0x4
 474 00a1 04       		.byte	0x4
 475 00a2 BD000000 		.4byte	.LASF14
 476 00a6 03       		.uleb128 0x3
 477 00a7 08       		.byte	0x8
 478 00a8 04       		.byte	0x4
 479 00a9 D5010000 		.4byte	.LASF15
 480 00ad 06       		.uleb128 0x6
 481 00ae 5F010000 		.4byte	.LASF16
 482 00b2 02       		.byte	0x2
 483 00b3 9202     		.2byte	0x292
 484 00b5 B9000000 		.4byte	0xb9
 485 00b9 07       		.uleb128 0x7
 486 00ba 87000000 		.4byte	0x87
 487 00be 06       		.uleb128 0x6
 488 00bf 00000000 		.4byte	.LASF17
 489 00c3 02       		.byte	0x2
ARM GAS  C:\Users\DIGITA~1\AppData\Local\Temp\ccsurq2J.s 			page 17


 490 00c4 9402     		.2byte	0x294
 491 00c6 CA000000 		.4byte	0xca
 492 00ca 07       		.uleb128 0x7
 493 00cb 93000000 		.4byte	0x93
 494 00cf 06       		.uleb128 0x6
 495 00d0 64020000 		.4byte	.LASF18
 496 00d4 02       		.byte	0x2
 497 00d5 A402     		.2byte	0x2a4
 498 00d7 80000000 		.4byte	0x80
 499 00db 08       		.uleb128 0x8
 500 00dc 06000000 		.4byte	.LASF20
 501 00e0 01       		.byte	0x1
 502 00e1 CC       		.byte	0xcc
 503 00e2 00000000 		.4byte	.LFB4
 504 00e6 0C000000 		.4byte	.LFE4-.LFB4
 505 00ea 01       		.uleb128 0x1
 506 00eb 9C       		.byte	0x9c
 507 00ec 0B010000 		.4byte	0x10b
 508 00f0 09       		.uleb128 0x9
 509 00f1 30020000 		.4byte	.LASF22
 510 00f5 01       		.byte	0x1
 511 00f6 CC       		.byte	0xcc
 512 00f7 CF000000 		.4byte	0xcf
 513 00fb 01       		.uleb128 0x1
 514 00fc 50       		.byte	0x50
 515 00fd 0A       		.uleb128 0xa
 516 00fe 19030000 		.4byte	.LASF19
 517 0102 01       		.byte	0x1
 518 0103 CE       		.byte	0xce
 519 0104 0B010000 		.4byte	0x10b
 520 0108 01       		.uleb128 0x1
 521 0109 53       		.byte	0x53
 522 010a 00       		.byte	0
 523 010b 04       		.uleb128 0x4
 524 010c 04       		.byte	0x4
 525 010d CF000000 		.4byte	0xcf
 526 0111 0B       		.uleb128 0xb
 527 0112 85010000 		.4byte	.LASF24
 528 0116 01       		.byte	0x1
 529 0117 E4       		.byte	0xe4
 530 0118 CF000000 		.4byte	0xcf
 531 011c 00000000 		.4byte	.LFB5
 532 0120 0C000000 		.4byte	.LFE5-.LFB5
 533 0124 01       		.uleb128 0x1
 534 0125 9C       		.byte	0x9c
 535 0126 38010000 		.4byte	0x138
 536 012a 0A       		.uleb128 0xa
 537 012b 19030000 		.4byte	.LASF19
 538 012f 01       		.byte	0x1
 539 0130 E6       		.byte	0xe6
 540 0131 0B010000 		.4byte	0x10b
 541 0135 01       		.uleb128 0x1
 542 0136 53       		.byte	0x53
 543 0137 00       		.byte	0
 544 0138 0C       		.uleb128 0xc
 545 0139 F8020000 		.4byte	.LASF21
 546 013d 01       		.byte	0x1
ARM GAS  C:\Users\DIGITA~1\AppData\Local\Temp\ccsurq2J.s 			page 18


 547 013e 0601     		.2byte	0x106
 548 0140 00000000 		.4byte	.LFB6
 549 0144 10000000 		.4byte	.LFE6-.LFB6
 550 0148 01       		.uleb128 0x1
 551 0149 9C       		.byte	0x9c
 552 014a 5F010000 		.4byte	0x15f
 553 014e 0D       		.uleb128 0xd
 554 014f 7C010000 		.4byte	.LASF23
 555 0153 01       		.byte	0x1
 556 0154 0601     		.2byte	0x106
 557 0156 87000000 		.4byte	0x87
 558 015a 00000000 		.4byte	.LLST0
 559 015e 00       		.byte	0
 560 015f 0E       		.uleb128 0xe
 561 0160 B9010000 		.4byte	.LASF25
 562 0164 01       		.byte	0x1
 563 0165 1C01     		.2byte	0x11c
 564 0167 87000000 		.4byte	0x87
 565 016b 00000000 		.4byte	.LFB7
 566 016f 0C000000 		.4byte	.LFE7-.LFB7
 567 0173 01       		.uleb128 0x1
 568 0174 9C       		.byte	0x9c
 569 0175 8A010000 		.4byte	0x18a
 570 0179 0F       		.uleb128 0xf
 571 017a 7C010000 		.4byte	.LASF23
 572 017e 01       		.byte	0x1
 573 017f 1E01     		.2byte	0x11e
 574 0181 87000000 		.4byte	0x87
 575 0185 21000000 		.4byte	.LLST1
 576 0189 00       		.byte	0
 577 018a 10       		.uleb128 0x10
 578 018b 3B000000 		.4byte	.LASF26
 579 018f 01       		.byte	0x1
 580 0190 3701     		.2byte	0x137
 581 0192 00000000 		.4byte	.LFB8
 582 0196 0C000000 		.4byte	.LFE8-.LFB8
 583 019a 01       		.uleb128 0x1
 584 019b 9C       		.byte	0x9c
 585 019c 11       		.uleb128 0x11
 586 019d 52000000 		.4byte	.LASF37
 587 01a1 01       		.byte	0x1
 588 01a2 4C01     		.2byte	0x14c
 589 01a4 87000000 		.4byte	0x87
 590 01a8 00000000 		.4byte	.LFB9
 591 01ac 10000000 		.4byte	.LFE9-.LFB9
 592 01b0 01       		.uleb128 0x1
 593 01b1 9C       		.byte	0x9c
 594 01b2 10       		.uleb128 0x10
 595 01b3 EC010000 		.4byte	.LASF27
 596 01b7 01       		.byte	0x1
 597 01b8 6101     		.2byte	0x161
 598 01ba 00000000 		.4byte	.LFB10
 599 01be 0C000000 		.4byte	.LFE10-.LFB10
 600 01c2 01       		.uleb128 0x1
 601 01c3 9C       		.byte	0x9c
 602 01c4 08       		.uleb128 0x8
 603 01c5 7E000000 		.4byte	.LASF28
ARM GAS  C:\Users\DIGITA~1\AppData\Local\Temp\ccsurq2J.s 			page 19


 604 01c9 01       		.byte	0x1
 605 01ca 3E       		.byte	0x3e
 606 01cb 00000000 		.4byte	.LFB0
 607 01cf 1C000000 		.4byte	.LFE0-.LFB0
 608 01d3 01       		.uleb128 0x1
 609 01d4 9C       		.byte	0x9c
 610 01d5 16020000 		.4byte	0x216
 611 01d9 12       		.uleb128 0x12
 612 01da 06000000 		.4byte	.LVL7
 613 01de B2010000 		.4byte	0x1b2
 614 01e2 13       		.uleb128 0x13
 615 01e3 0C000000 		.4byte	.LVL8
 616 01e7 DB000000 		.4byte	0xdb
 617 01eb F9010000 		.4byte	0x1f9
 618 01ef 14       		.uleb128 0x14
 619 01f0 01       		.uleb128 0x1
 620 01f1 50       		.byte	0x50
 621 01f2 05       		.uleb128 0x5
 622 01f3 03       		.byte	0x3
 623 01f4 00000000 		.4byte	isr_spi_tx_done_Interrupt
 624 01f8 00       		.byte	0
 625 01f9 13       		.uleb128 0x13
 626 01fa 12000000 		.4byte	.LVL9
 627 01fe 38010000 		.4byte	0x138
 628 0202 0C020000 		.4byte	0x20c
 629 0206 14       		.uleb128 0x14
 630 0207 01       		.uleb128 0x1
 631 0208 50       		.byte	0x50
 632 0209 01       		.uleb128 0x1
 633 020a 37       		.byte	0x37
 634 020b 00       		.byte	0
 635 020c 12       		.uleb128 0x12
 636 020d 16000000 		.4byte	.LVL10
 637 0211 8A010000 		.4byte	0x18a
 638 0215 00       		.byte	0
 639 0216 08       		.uleb128 0x8
 640 0217 0B020000 		.4byte	.LASF29
 641 021b 01       		.byte	0x1
 642 021c 69       		.byte	0x69
 643 021d 00000000 		.4byte	.LFB1
 644 0221 1A000000 		.4byte	.LFE1-.LFB1
 645 0225 01       		.uleb128 0x1
 646 0226 9C       		.byte	0x9c
 647 0227 74020000 		.4byte	0x274
 648 022b 15       		.uleb128 0x15
 649 022c 30020000 		.4byte	.LASF22
 650 0230 01       		.byte	0x1
 651 0231 69       		.byte	0x69
 652 0232 CF000000 		.4byte	0xcf
 653 0236 38000000 		.4byte	.LLST2
 654 023a 12       		.uleb128 0x12
 655 023b 08000000 		.4byte	.LVL12
 656 023f B2010000 		.4byte	0x1b2
 657 0243 13       		.uleb128 0x13
 658 0244 0E000000 		.4byte	.LVL13
 659 0248 DB000000 		.4byte	0xdb
 660 024c 57020000 		.4byte	0x257
ARM GAS  C:\Users\DIGITA~1\AppData\Local\Temp\ccsurq2J.s 			page 20


 661 0250 14       		.uleb128 0x14
 662 0251 01       		.uleb128 0x1
 663 0252 50       		.byte	0x50
 664 0253 02       		.uleb128 0x2
 665 0254 74       		.byte	0x74
 666 0255 00       		.sleb128 0
 667 0256 00       		.byte	0
 668 0257 13       		.uleb128 0x13
 669 0258 14000000 		.4byte	.LVL14
 670 025c 38010000 		.4byte	0x138
 671 0260 6A020000 		.4byte	0x26a
 672 0264 14       		.uleb128 0x14
 673 0265 01       		.uleb128 0x1
 674 0266 50       		.byte	0x50
 675 0267 01       		.uleb128 0x1
 676 0268 37       		.byte	0x37
 677 0269 00       		.byte	0
 678 026a 12       		.uleb128 0x12
 679 026b 18000000 		.4byte	.LVL15
 680 026f 8A010000 		.4byte	0x18a
 681 0273 00       		.byte	0
 682 0274 08       		.uleb128 0x8
 683 0275 4F020000 		.4byte	.LASF30
 684 0279 01       		.byte	0x1
 685 027a 87       		.byte	0x87
 686 027b 00000000 		.4byte	.LFB2
 687 027f 14000000 		.4byte	.LFE2-.LFB2
 688 0283 01       		.uleb128 0x1
 689 0284 9C       		.byte	0x9c
 690 0285 9C020000 		.4byte	0x29c
 691 0289 12       		.uleb128 0x12
 692 028a 06000000 		.4byte	.LVL16
 693 028e B2010000 		.4byte	0x1b2
 694 0292 12       		.uleb128 0x12
 695 0293 0C000000 		.4byte	.LVL17
 696 0297 DB000000 		.4byte	0xdb
 697 029b 00       		.byte	0
 698 029c 10       		.uleb128 0x10
 699 029d 20000000 		.4byte	.LASF31
 700 02a1 01       		.byte	0x1
 701 02a2 7C01     		.2byte	0x17c
 702 02a4 00000000 		.4byte	.LFB11
 703 02a8 0C000000 		.4byte	.LFE11-.LFB11
 704 02ac 01       		.uleb128 0x1
 705 02ad 9C       		.byte	0x9c
 706 02ae 10       		.uleb128 0x10
 707 02af 71020000 		.4byte	.LASF32
 708 02b3 01       		.byte	0x1
 709 02b4 9501     		.2byte	0x195
 710 02b6 00000000 		.4byte	.LFB12
 711 02ba 0C000000 		.4byte	.LFE12-.LFB12
 712 02be 01       		.uleb128 0x1
 713 02bf 9C       		.byte	0x9c
 714 02c0 08       		.uleb128 0x8
 715 02c1 9F010000 		.4byte	.LASF33
 716 02c5 01       		.byte	0x1
 717 02c6 A1       		.byte	0xa1
ARM GAS  C:\Users\DIGITA~1\AppData\Local\Temp\ccsurq2J.s 			page 21


 718 02c7 00000000 		.4byte	.LFB3
 719 02cb 0C000000 		.4byte	.LFE3-.LFB3
 720 02cf 01       		.uleb128 0x1
 721 02d0 9C       		.byte	0x9c
 722 02d1 E8020000 		.4byte	0x2e8
 723 02d5 12       		.uleb128 0x12
 724 02d6 06000000 		.4byte	.LVL18
 725 02da E8020000 		.4byte	0x2e8
 726 02de 12       		.uleb128 0x12
 727 02df 0A000000 		.4byte	.LVL19
 728 02e3 AE020000 		.4byte	0x2ae
 729 02e7 00       		.byte	0
 730 02e8 16       		.uleb128 0x16
 731 02e9 DC010000 		.4byte	.LASF38
 732 02ed DC010000 		.4byte	.LASF38
 733 02f1 03       		.byte	0x3
 734 02f2 17       		.byte	0x17
 735 02f3 00       		.byte	0
 736              		.section	.debug_abbrev,"",%progbits
 737              	.Ldebug_abbrev0:
 738 0000 01       		.uleb128 0x1
 739 0001 11       		.uleb128 0x11
 740 0002 01       		.byte	0x1
 741 0003 25       		.uleb128 0x25
 742 0004 0E       		.uleb128 0xe
 743 0005 13       		.uleb128 0x13
 744 0006 0B       		.uleb128 0xb
 745 0007 03       		.uleb128 0x3
 746 0008 0E       		.uleb128 0xe
 747 0009 1B       		.uleb128 0x1b
 748 000a 0E       		.uleb128 0xe
 749 000b 55       		.uleb128 0x55
 750 000c 17       		.uleb128 0x17
 751 000d 11       		.uleb128 0x11
 752 000e 01       		.uleb128 0x1
 753 000f 10       		.uleb128 0x10
 754 0010 17       		.uleb128 0x17
 755 0011 00       		.byte	0
 756 0012 00       		.byte	0
 757 0013 02       		.uleb128 0x2
 758 0014 24       		.uleb128 0x24
 759 0015 00       		.byte	0
 760 0016 0B       		.uleb128 0xb
 761 0017 0B       		.uleb128 0xb
 762 0018 3E       		.uleb128 0x3e
 763 0019 0B       		.uleb128 0xb
 764 001a 03       		.uleb128 0x3
 765 001b 08       		.uleb128 0x8
 766 001c 00       		.byte	0
 767 001d 00       		.byte	0
 768 001e 03       		.uleb128 0x3
 769 001f 24       		.uleb128 0x24
 770 0020 00       		.byte	0
 771 0021 0B       		.uleb128 0xb
 772 0022 0B       		.uleb128 0xb
 773 0023 3E       		.uleb128 0x3e
 774 0024 0B       		.uleb128 0xb
ARM GAS  C:\Users\DIGITA~1\AppData\Local\Temp\ccsurq2J.s 			page 22


 775 0025 03       		.uleb128 0x3
 776 0026 0E       		.uleb128 0xe
 777 0027 00       		.byte	0
 778 0028 00       		.byte	0
 779 0029 04       		.uleb128 0x4
 780 002a 0F       		.uleb128 0xf
 781 002b 00       		.byte	0
 782 002c 0B       		.uleb128 0xb
 783 002d 0B       		.uleb128 0xb
 784 002e 49       		.uleb128 0x49
 785 002f 13       		.uleb128 0x13
 786 0030 00       		.byte	0
 787 0031 00       		.byte	0
 788 0032 05       		.uleb128 0x5
 789 0033 15       		.uleb128 0x15
 790 0034 00       		.byte	0
 791 0035 27       		.uleb128 0x27
 792 0036 19       		.uleb128 0x19
 793 0037 00       		.byte	0
 794 0038 00       		.byte	0
 795 0039 06       		.uleb128 0x6
 796 003a 16       		.uleb128 0x16
 797 003b 00       		.byte	0
 798 003c 03       		.uleb128 0x3
 799 003d 0E       		.uleb128 0xe
 800 003e 3A       		.uleb128 0x3a
 801 003f 0B       		.uleb128 0xb
 802 0040 3B       		.uleb128 0x3b
 803 0041 05       		.uleb128 0x5
 804 0042 49       		.uleb128 0x49
 805 0043 13       		.uleb128 0x13
 806 0044 00       		.byte	0
 807 0045 00       		.byte	0
 808 0046 07       		.uleb128 0x7
 809 0047 35       		.uleb128 0x35
 810 0048 00       		.byte	0
 811 0049 49       		.uleb128 0x49
 812 004a 13       		.uleb128 0x13
 813 004b 00       		.byte	0
 814 004c 00       		.byte	0
 815 004d 08       		.uleb128 0x8
 816 004e 2E       		.uleb128 0x2e
 817 004f 01       		.byte	0x1
 818 0050 3F       		.uleb128 0x3f
 819 0051 19       		.uleb128 0x19
 820 0052 03       		.uleb128 0x3
 821 0053 0E       		.uleb128 0xe
 822 0054 3A       		.uleb128 0x3a
 823 0055 0B       		.uleb128 0xb
 824 0056 3B       		.uleb128 0x3b
 825 0057 0B       		.uleb128 0xb
 826 0058 27       		.uleb128 0x27
 827 0059 19       		.uleb128 0x19
 828 005a 11       		.uleb128 0x11
 829 005b 01       		.uleb128 0x1
 830 005c 12       		.uleb128 0x12
 831 005d 06       		.uleb128 0x6
ARM GAS  C:\Users\DIGITA~1\AppData\Local\Temp\ccsurq2J.s 			page 23


 832 005e 40       		.uleb128 0x40
 833 005f 18       		.uleb128 0x18
 834 0060 9742     		.uleb128 0x2117
 835 0062 19       		.uleb128 0x19
 836 0063 01       		.uleb128 0x1
 837 0064 13       		.uleb128 0x13
 838 0065 00       		.byte	0
 839 0066 00       		.byte	0
 840 0067 09       		.uleb128 0x9
 841 0068 05       		.uleb128 0x5
 842 0069 00       		.byte	0
 843 006a 03       		.uleb128 0x3
 844 006b 0E       		.uleb128 0xe
 845 006c 3A       		.uleb128 0x3a
 846 006d 0B       		.uleb128 0xb
 847 006e 3B       		.uleb128 0x3b
 848 006f 0B       		.uleb128 0xb
 849 0070 49       		.uleb128 0x49
 850 0071 13       		.uleb128 0x13
 851 0072 02       		.uleb128 0x2
 852 0073 18       		.uleb128 0x18
 853 0074 00       		.byte	0
 854 0075 00       		.byte	0
 855 0076 0A       		.uleb128 0xa
 856 0077 34       		.uleb128 0x34
 857 0078 00       		.byte	0
 858 0079 03       		.uleb128 0x3
 859 007a 0E       		.uleb128 0xe
 860 007b 3A       		.uleb128 0x3a
 861 007c 0B       		.uleb128 0xb
 862 007d 3B       		.uleb128 0x3b
 863 007e 0B       		.uleb128 0xb
 864 007f 49       		.uleb128 0x49
 865 0080 13       		.uleb128 0x13
 866 0081 02       		.uleb128 0x2
 867 0082 18       		.uleb128 0x18
 868 0083 00       		.byte	0
 869 0084 00       		.byte	0
 870 0085 0B       		.uleb128 0xb
 871 0086 2E       		.uleb128 0x2e
 872 0087 01       		.byte	0x1
 873 0088 3F       		.uleb128 0x3f
 874 0089 19       		.uleb128 0x19
 875 008a 03       		.uleb128 0x3
 876 008b 0E       		.uleb128 0xe
 877 008c 3A       		.uleb128 0x3a
 878 008d 0B       		.uleb128 0xb
 879 008e 3B       		.uleb128 0x3b
 880 008f 0B       		.uleb128 0xb
 881 0090 27       		.uleb128 0x27
 882 0091 19       		.uleb128 0x19
 883 0092 49       		.uleb128 0x49
 884 0093 13       		.uleb128 0x13
 885 0094 11       		.uleb128 0x11
 886 0095 01       		.uleb128 0x1
 887 0096 12       		.uleb128 0x12
 888 0097 06       		.uleb128 0x6
ARM GAS  C:\Users\DIGITA~1\AppData\Local\Temp\ccsurq2J.s 			page 24


 889 0098 40       		.uleb128 0x40
 890 0099 18       		.uleb128 0x18
 891 009a 9742     		.uleb128 0x2117
 892 009c 19       		.uleb128 0x19
 893 009d 01       		.uleb128 0x1
 894 009e 13       		.uleb128 0x13
 895 009f 00       		.byte	0
 896 00a0 00       		.byte	0
 897 00a1 0C       		.uleb128 0xc
 898 00a2 2E       		.uleb128 0x2e
 899 00a3 01       		.byte	0x1
 900 00a4 3F       		.uleb128 0x3f
 901 00a5 19       		.uleb128 0x19
 902 00a6 03       		.uleb128 0x3
 903 00a7 0E       		.uleb128 0xe
 904 00a8 3A       		.uleb128 0x3a
 905 00a9 0B       		.uleb128 0xb
 906 00aa 3B       		.uleb128 0x3b
 907 00ab 05       		.uleb128 0x5
 908 00ac 27       		.uleb128 0x27
 909 00ad 19       		.uleb128 0x19
 910 00ae 11       		.uleb128 0x11
 911 00af 01       		.uleb128 0x1
 912 00b0 12       		.uleb128 0x12
 913 00b1 06       		.uleb128 0x6
 914 00b2 40       		.uleb128 0x40
 915 00b3 18       		.uleb128 0x18
 916 00b4 9742     		.uleb128 0x2117
 917 00b6 19       		.uleb128 0x19
 918 00b7 01       		.uleb128 0x1
 919 00b8 13       		.uleb128 0x13
 920 00b9 00       		.byte	0
 921 00ba 00       		.byte	0
 922 00bb 0D       		.uleb128 0xd
 923 00bc 05       		.uleb128 0x5
 924 00bd 00       		.byte	0
 925 00be 03       		.uleb128 0x3
 926 00bf 0E       		.uleb128 0xe
 927 00c0 3A       		.uleb128 0x3a
 928 00c1 0B       		.uleb128 0xb
 929 00c2 3B       		.uleb128 0x3b
 930 00c3 05       		.uleb128 0x5
 931 00c4 49       		.uleb128 0x49
 932 00c5 13       		.uleb128 0x13
 933 00c6 02       		.uleb128 0x2
 934 00c7 17       		.uleb128 0x17
 935 00c8 00       		.byte	0
 936 00c9 00       		.byte	0
 937 00ca 0E       		.uleb128 0xe
 938 00cb 2E       		.uleb128 0x2e
 939 00cc 01       		.byte	0x1
 940 00cd 3F       		.uleb128 0x3f
 941 00ce 19       		.uleb128 0x19
 942 00cf 03       		.uleb128 0x3
 943 00d0 0E       		.uleb128 0xe
 944 00d1 3A       		.uleb128 0x3a
 945 00d2 0B       		.uleb128 0xb
ARM GAS  C:\Users\DIGITA~1\AppData\Local\Temp\ccsurq2J.s 			page 25


 946 00d3 3B       		.uleb128 0x3b
 947 00d4 05       		.uleb128 0x5
 948 00d5 27       		.uleb128 0x27
 949 00d6 19       		.uleb128 0x19
 950 00d7 49       		.uleb128 0x49
 951 00d8 13       		.uleb128 0x13
 952 00d9 11       		.uleb128 0x11
 953 00da 01       		.uleb128 0x1
 954 00db 12       		.uleb128 0x12
 955 00dc 06       		.uleb128 0x6
 956 00dd 40       		.uleb128 0x40
 957 00de 18       		.uleb128 0x18
 958 00df 9742     		.uleb128 0x2117
 959 00e1 19       		.uleb128 0x19
 960 00e2 01       		.uleb128 0x1
 961 00e3 13       		.uleb128 0x13
 962 00e4 00       		.byte	0
 963 00e5 00       		.byte	0
 964 00e6 0F       		.uleb128 0xf
 965 00e7 34       		.uleb128 0x34
 966 00e8 00       		.byte	0
 967 00e9 03       		.uleb128 0x3
 968 00ea 0E       		.uleb128 0xe
 969 00eb 3A       		.uleb128 0x3a
 970 00ec 0B       		.uleb128 0xb
 971 00ed 3B       		.uleb128 0x3b
 972 00ee 05       		.uleb128 0x5
 973 00ef 49       		.uleb128 0x49
 974 00f0 13       		.uleb128 0x13
 975 00f1 02       		.uleb128 0x2
 976 00f2 17       		.uleb128 0x17
 977 00f3 00       		.byte	0
 978 00f4 00       		.byte	0
 979 00f5 10       		.uleb128 0x10
 980 00f6 2E       		.uleb128 0x2e
 981 00f7 00       		.byte	0
 982 00f8 3F       		.uleb128 0x3f
 983 00f9 19       		.uleb128 0x19
 984 00fa 03       		.uleb128 0x3
 985 00fb 0E       		.uleb128 0xe
 986 00fc 3A       		.uleb128 0x3a
 987 00fd 0B       		.uleb128 0xb
 988 00fe 3B       		.uleb128 0x3b
 989 00ff 05       		.uleb128 0x5
 990 0100 27       		.uleb128 0x27
 991 0101 19       		.uleb128 0x19
 992 0102 11       		.uleb128 0x11
 993 0103 01       		.uleb128 0x1
 994 0104 12       		.uleb128 0x12
 995 0105 06       		.uleb128 0x6
 996 0106 40       		.uleb128 0x40
 997 0107 18       		.uleb128 0x18
 998 0108 9742     		.uleb128 0x2117
 999 010a 19       		.uleb128 0x19
 1000 010b 00       		.byte	0
 1001 010c 00       		.byte	0
 1002 010d 11       		.uleb128 0x11
ARM GAS  C:\Users\DIGITA~1\AppData\Local\Temp\ccsurq2J.s 			page 26


 1003 010e 2E       		.uleb128 0x2e
 1004 010f 00       		.byte	0
 1005 0110 3F       		.uleb128 0x3f
 1006 0111 19       		.uleb128 0x19
 1007 0112 03       		.uleb128 0x3
 1008 0113 0E       		.uleb128 0xe
 1009 0114 3A       		.uleb128 0x3a
 1010 0115 0B       		.uleb128 0xb
 1011 0116 3B       		.uleb128 0x3b
 1012 0117 05       		.uleb128 0x5
 1013 0118 27       		.uleb128 0x27
 1014 0119 19       		.uleb128 0x19
 1015 011a 49       		.uleb128 0x49
 1016 011b 13       		.uleb128 0x13
 1017 011c 11       		.uleb128 0x11
 1018 011d 01       		.uleb128 0x1
 1019 011e 12       		.uleb128 0x12
 1020 011f 06       		.uleb128 0x6
 1021 0120 40       		.uleb128 0x40
 1022 0121 18       		.uleb128 0x18
 1023 0122 9742     		.uleb128 0x2117
 1024 0124 19       		.uleb128 0x19
 1025 0125 00       		.byte	0
 1026 0126 00       		.byte	0
 1027 0127 12       		.uleb128 0x12
 1028 0128 898201   		.uleb128 0x4109
 1029 012b 00       		.byte	0
 1030 012c 11       		.uleb128 0x11
 1031 012d 01       		.uleb128 0x1
 1032 012e 31       		.uleb128 0x31
 1033 012f 13       		.uleb128 0x13
 1034 0130 00       		.byte	0
 1035 0131 00       		.byte	0
 1036 0132 13       		.uleb128 0x13
 1037 0133 898201   		.uleb128 0x4109
 1038 0136 01       		.byte	0x1
 1039 0137 11       		.uleb128 0x11
 1040 0138 01       		.uleb128 0x1
 1041 0139 31       		.uleb128 0x31
 1042 013a 13       		.uleb128 0x13
 1043 013b 01       		.uleb128 0x1
 1044 013c 13       		.uleb128 0x13
 1045 013d 00       		.byte	0
 1046 013e 00       		.byte	0
 1047 013f 14       		.uleb128 0x14
 1048 0140 8A8201   		.uleb128 0x410a
 1049 0143 00       		.byte	0
 1050 0144 02       		.uleb128 0x2
 1051 0145 18       		.uleb128 0x18
 1052 0146 9142     		.uleb128 0x2111
 1053 0148 18       		.uleb128 0x18
 1054 0149 00       		.byte	0
 1055 014a 00       		.byte	0
 1056 014b 15       		.uleb128 0x15
 1057 014c 05       		.uleb128 0x5
 1058 014d 00       		.byte	0
 1059 014e 03       		.uleb128 0x3
ARM GAS  C:\Users\DIGITA~1\AppData\Local\Temp\ccsurq2J.s 			page 27


 1060 014f 0E       		.uleb128 0xe
 1061 0150 3A       		.uleb128 0x3a
 1062 0151 0B       		.uleb128 0xb
 1063 0152 3B       		.uleb128 0x3b
 1064 0153 0B       		.uleb128 0xb
 1065 0154 49       		.uleb128 0x49
 1066 0155 13       		.uleb128 0x13
 1067 0156 02       		.uleb128 0x2
 1068 0157 17       		.uleb128 0x17
 1069 0158 00       		.byte	0
 1070 0159 00       		.byte	0
 1071 015a 16       		.uleb128 0x16
 1072 015b 2E       		.uleb128 0x2e
 1073 015c 00       		.byte	0
 1074 015d 3F       		.uleb128 0x3f
 1075 015e 19       		.uleb128 0x19
 1076 015f 3C       		.uleb128 0x3c
 1077 0160 19       		.uleb128 0x19
 1078 0161 6E       		.uleb128 0x6e
 1079 0162 0E       		.uleb128 0xe
 1080 0163 03       		.uleb128 0x3
 1081 0164 0E       		.uleb128 0xe
 1082 0165 3A       		.uleb128 0x3a
 1083 0166 0B       		.uleb128 0xb
 1084 0167 3B       		.uleb128 0x3b
 1085 0168 0B       		.uleb128 0xb
 1086 0169 00       		.byte	0
 1087 016a 00       		.byte	0
 1088 016b 00       		.byte	0
 1089              		.section	.debug_loc,"",%progbits
 1090              	.Ldebug_loc0:
 1091              	.LLST0:
 1092 0000 00000000 		.4byte	.LVL3
 1093 0004 02000000 		.4byte	.LVL4
 1094 0008 0100     		.2byte	0x1
 1095 000a 50       		.byte	0x50
 1096 000b 02000000 		.4byte	.LVL4
 1097 000f 10000000 		.4byte	.LFE6
 1098 0013 0400     		.2byte	0x4
 1099 0015 F3       		.byte	0xf3
 1100 0016 01       		.uleb128 0x1
 1101 0017 50       		.byte	0x50
 1102 0018 9F       		.byte	0x9f
 1103 0019 00000000 		.4byte	0
 1104 001d 00000000 		.4byte	0
 1105              	.LLST1:
 1106 0021 04000000 		.4byte	.LVL5
 1107 0025 06000000 		.4byte	.LVL6
 1108 0029 0500     		.2byte	0x5
 1109 002b 70       		.byte	0x70
 1110 002c 00       		.sleb128 0
 1111 002d 35       		.byte	0x35
 1112 002e 25       		.byte	0x25
 1113 002f 9F       		.byte	0x9f
 1114 0030 00000000 		.4byte	0
 1115 0034 00000000 		.4byte	0
 1116              	.LLST2:
ARM GAS  C:\Users\DIGITA~1\AppData\Local\Temp\ccsurq2J.s 			page 28


 1117 0038 00000000 		.4byte	.LVL11
 1118 003c 07000000 		.4byte	.LVL12-1
 1119 0040 0100     		.2byte	0x1
 1120 0042 50       		.byte	0x50
 1121 0043 07000000 		.4byte	.LVL12-1
 1122 0047 1A000000 		.4byte	.LFE1
 1123 004b 0100     		.2byte	0x1
 1124 004d 54       		.byte	0x54
 1125 004e 00000000 		.4byte	0
 1126 0052 00000000 		.4byte	0
 1127              		.section	.debug_aranges,"",%progbits
 1128 0000 7C000000 		.4byte	0x7c
 1129 0004 0200     		.2byte	0x2
 1130 0006 00000000 		.4byte	.Ldebug_info0
 1131 000a 04       		.byte	0x4
 1132 000b 00       		.byte	0
 1133 000c 0000     		.2byte	0
 1134 000e 0000     		.2byte	0
 1135 0010 00000000 		.4byte	.LFB4
 1136 0014 0C000000 		.4byte	.LFE4-.LFB4
 1137 0018 00000000 		.4byte	.LFB5
 1138 001c 0C000000 		.4byte	.LFE5-.LFB5
 1139 0020 00000000 		.4byte	.LFB6
 1140 0024 10000000 		.4byte	.LFE6-.LFB6
 1141 0028 00000000 		.4byte	.LFB7
 1142 002c 0C000000 		.4byte	.LFE7-.LFB7
 1143 0030 00000000 		.4byte	.LFB8
 1144 0034 0C000000 		.4byte	.LFE8-.LFB8
 1145 0038 00000000 		.4byte	.LFB9
 1146 003c 10000000 		.4byte	.LFE9-.LFB9
 1147 0040 00000000 		.4byte	.LFB10
 1148 0044 0C000000 		.4byte	.LFE10-.LFB10
 1149 0048 00000000 		.4byte	.LFB0
 1150 004c 1C000000 		.4byte	.LFE0-.LFB0
 1151 0050 00000000 		.4byte	.LFB1
 1152 0054 1A000000 		.4byte	.LFE1-.LFB1
 1153 0058 00000000 		.4byte	.LFB2
 1154 005c 14000000 		.4byte	.LFE2-.LFB2
 1155 0060 00000000 		.4byte	.LFB11
 1156 0064 0C000000 		.4byte	.LFE11-.LFB11
 1157 0068 00000000 		.4byte	.LFB12
 1158 006c 0C000000 		.4byte	.LFE12-.LFB12
 1159 0070 00000000 		.4byte	.LFB3
 1160 0074 0C000000 		.4byte	.LFE3-.LFB3
 1161 0078 00000000 		.4byte	0
 1162 007c 00000000 		.4byte	0
 1163              		.section	.debug_ranges,"",%progbits
 1164              	.Ldebug_ranges0:
 1165 0000 00000000 		.4byte	.LFB4
 1166 0004 0C000000 		.4byte	.LFE4
 1167 0008 00000000 		.4byte	.LFB5
 1168 000c 0C000000 		.4byte	.LFE5
 1169 0010 00000000 		.4byte	.LFB6
 1170 0014 10000000 		.4byte	.LFE6
 1171 0018 00000000 		.4byte	.LFB7
 1172 001c 0C000000 		.4byte	.LFE7
 1173 0020 00000000 		.4byte	.LFB8
ARM GAS  C:\Users\DIGITA~1\AppData\Local\Temp\ccsurq2J.s 			page 29


 1174 0024 0C000000 		.4byte	.LFE8
 1175 0028 00000000 		.4byte	.LFB9
 1176 002c 10000000 		.4byte	.LFE9
 1177 0030 00000000 		.4byte	.LFB10
 1178 0034 0C000000 		.4byte	.LFE10
 1179 0038 00000000 		.4byte	.LFB0
 1180 003c 1C000000 		.4byte	.LFE0
 1181 0040 00000000 		.4byte	.LFB1
 1182 0044 1A000000 		.4byte	.LFE1
 1183 0048 00000000 		.4byte	.LFB2
 1184 004c 14000000 		.4byte	.LFE2
 1185 0050 00000000 		.4byte	.LFB11
 1186 0054 0C000000 		.4byte	.LFE11
 1187 0058 00000000 		.4byte	.LFB12
 1188 005c 0C000000 		.4byte	.LFE12
 1189 0060 00000000 		.4byte	.LFB3
 1190 0064 0C000000 		.4byte	.LFE3
 1191 0068 00000000 		.4byte	0
 1192 006c 00000000 		.4byte	0
 1193              		.section	.debug_line,"",%progbits
 1194              	.Ldebug_line0:
 1195 0000 45010000 		.section	.debug_str,"MS",%progbits,1
 1195      02005700 
 1195      00000201 
 1195      FB0E0D00 
 1195      01010101 
 1196              	.LASF17:
 1197 0000 72656733 		.ascii	"reg32\000"
 1197      3200
 1198              	.LASF20:
 1199 0006 6973725F 		.ascii	"isr_spi_tx_done_SetVector\000"
 1199      7370695F 
 1199      74785F64 
 1199      6F6E655F 
 1199      53657456 
 1200              	.LASF31:
 1201 0020 6973725F 		.ascii	"isr_spi_tx_done_SetPending\000"
 1201      7370695F 
 1201      74785F64 
 1201      6F6E655F 
 1201      53657450 
 1202              	.LASF26:
 1203 003b 6973725F 		.ascii	"isr_spi_tx_done_Enable\000"
 1203      7370695F 
 1203      74785F64 
 1203      6F6E655F 
 1203      456E6162 
 1204              	.LASF37:
 1205 0052 6973725F 		.ascii	"isr_spi_tx_done_GetState\000"
 1205      7370695F 
 1205      74785F64 
 1205      6F6E655F 
 1205      47657453 
 1206              	.LASF6:
 1207 006b 73686F72 		.ascii	"short unsigned int\000"
 1207      7420756E 
 1207      7369676E 
ARM GAS  C:\Users\DIGITA~1\AppData\Local\Temp\ccsurq2J.s 			page 30


 1207      65642069 
 1207      6E7400
 1208              	.LASF28:
 1209 007e 6973725F 		.ascii	"isr_spi_tx_done_Start\000"
 1209      7370695F 
 1209      74785F64 
 1209      6F6E655F 
 1209      53746172 
 1210              	.LASF35:
 1211 0094 47656E65 		.ascii	"Generated_Source\\PSoC5\\isr_spi_tx_done.c\000"
 1211      72617465 
 1211      645F536F 
 1211      75726365 
 1211      5C50536F 
 1212              	.LASF14:
 1213 00bd 666C6F61 		.ascii	"float\000"
 1213      7400
 1214              	.LASF4:
 1215 00c3 756E7369 		.ascii	"unsigned char\000"
 1215      676E6564 
 1215      20636861 
 1215      7200
 1216              	.LASF34:
 1217 00d1 474E5520 		.ascii	"GNU C11 5.4.1 20160609 (release) [ARM/embedded-5-br"
 1217      43313120 
 1217      352E342E 
 1217      31203230 
 1217      31363036 
 1218 0104 616E6368 		.ascii	"anch revision 237715] -mcpu=cortex-m3 -mthumb -g -O"
 1218      20726576 
 1218      6973696F 
 1218      6E203233 
 1218      37373135 
 1219 0137 67202D66 		.ascii	"g -ffunction-sections -ffat-lto-objects\000"
 1219      66756E63 
 1219      74696F6E 
 1219      2D736563 
 1219      74696F6E 
 1220              	.LASF16:
 1221 015f 72656738 		.ascii	"reg8\000"
 1221      00
 1222              	.LASF8:
 1223 0164 6C6F6E67 		.ascii	"long unsigned int\000"
 1223      20756E73 
 1223      69676E65 
 1223      6420696E 
 1223      7400
 1224              	.LASF12:
 1225 0176 75696E74 		.ascii	"uint8\000"
 1225      3800
 1226              	.LASF23:
 1227 017c 7072696F 		.ascii	"priority\000"
 1227      72697479 
 1227      00
 1228              	.LASF24:
 1229 0185 6973725F 		.ascii	"isr_spi_tx_done_GetVector\000"
 1229      7370695F 
ARM GAS  C:\Users\DIGITA~1\AppData\Local\Temp\ccsurq2J.s 			page 31


 1229      74785F64 
 1229      6F6E655F 
 1229      47657456 
 1230              	.LASF33:
 1231 019f 6973725F 		.ascii	"isr_spi_tx_done_Interrupt\000"
 1231      7370695F 
 1231      74785F64 
 1231      6F6E655F 
 1231      496E7465 
 1232              	.LASF25:
 1233 01b9 6973725F 		.ascii	"isr_spi_tx_done_GetPriority\000"
 1233      7370695F 
 1233      74785F64 
 1233      6F6E655F 
 1233      47657450 
 1234              	.LASF15:
 1235 01d5 646F7562 		.ascii	"double\000"
 1235      6C6500
 1236              	.LASF38:
 1237 01dc 53706953 		.ascii	"SpiSendNextByte\000"
 1237      656E644E 
 1237      65787442 
 1237      79746500 
 1238              	.LASF27:
 1239 01ec 6973725F 		.ascii	"isr_spi_tx_done_Disable\000"
 1239      7370695F 
 1239      74785F64 
 1239      6F6E655F 
 1239      44697361 
 1240              	.LASF13:
 1241 0204 75696E74 		.ascii	"uint32\000"
 1241      333200
 1242              	.LASF29:
 1243 020b 6973725F 		.ascii	"isr_spi_tx_done_StartEx\000"
 1243      7370695F 
 1243      74785F64 
 1243      6F6E655F 
 1243      53746172 
 1244              	.LASF0:
 1245 0223 756E7369 		.ascii	"unsigned int\000"
 1245      676E6564 
 1245      20696E74 
 1245      00
 1246              	.LASF22:
 1247 0230 61646472 		.ascii	"address\000"
 1247      65737300 
 1248              	.LASF9:
 1249 0238 6C6F6E67 		.ascii	"long long unsigned int\000"
 1249      206C6F6E 
 1249      6720756E 
 1249      7369676E 
 1249      65642069 
 1250              	.LASF30:
 1251 024f 6973725F 		.ascii	"isr_spi_tx_done_Stop\000"
 1251      7370695F 
 1251      74785F64 
 1251      6F6E655F 
ARM GAS  C:\Users\DIGITA~1\AppData\Local\Temp\ccsurq2J.s 			page 32


 1251      53746F70 
 1252              	.LASF18:
 1253 0264 63796973 		.ascii	"cyisraddress\000"
 1253      72616464 
 1253      72657373 
 1253      00
 1254              	.LASF32:
 1255 0271 6973725F 		.ascii	"isr_spi_tx_done_ClearPending\000"
 1255      7370695F 
 1255      74785F64 
 1255      6F6E655F 
 1255      436C6561 
 1256              	.LASF36:
 1257 028e 433A5C55 		.ascii	"C:\\Users\\Digital-Sqrt\\Documents\\Git_Hub\\Space-"
 1257      73657273 
 1257      5C446967 
 1257      6974616C 
 1257      2D537172 
 1258 02bc 66696768 		.ascii	"fighter\\Code\\LED_Space_Fighter.cydsn\000"
 1258      7465725C 
 1258      436F6465 
 1258      5C4C4544 
 1258      5F537061 
 1259              	.LASF10:
 1260 02e1 73697A65 		.ascii	"sizetype\000"
 1260      74797065 
 1260      00
 1261              	.LASF1:
 1262 02ea 6C6F6E67 		.ascii	"long long int\000"
 1262      206C6F6E 
 1262      6720696E 
 1262      7400
 1263              	.LASF21:
 1264 02f8 6973725F 		.ascii	"isr_spi_tx_done_SetPriority\000"
 1264      7370695F 
 1264      74785F64 
 1264      6F6E655F 
 1264      53657450 
 1265              	.LASF11:
 1266 0314 63686172 		.ascii	"char\000"
 1266      00
 1267              	.LASF19:
 1268 0319 72616D56 		.ascii	"ramVectorTable\000"
 1268      6563746F 
 1268      72546162 
 1268      6C6500
 1269              	.LASF5:
 1270 0328 73686F72 		.ascii	"short int\000"
 1270      7420696E 
 1270      7400
 1271              	.LASF7:
 1272 0332 6C6F6E67 		.ascii	"long int\000"
 1272      20696E74 
 1272      00
 1273              	.LASF2:
 1274 033b 6C6F6E67 		.ascii	"long double\000"
 1274      20646F75 
ARM GAS  C:\Users\DIGITA~1\AppData\Local\Temp\ccsurq2J.s 			page 33


 1274      626C6500 
 1275              	.LASF3:
 1276 0347 7369676E 		.ascii	"signed char\000"
 1276      65642063 
 1276      68617200 
 1277              		.ident	"GCC: (GNU Tools for ARM Embedded Processors) 5.4.1 20160609 (release) [ARM/embedded-5-bran
